Archive member included to satisfy reference by file (symbol)

C:\Users\Nicolai\Documents\NMBU\TEL320\Project\stm32l476_module_software\cortex_m4\rss\lib\libacconeer.a(acc_rss.o)
                              ./Src/example_assembly_test.o (acc_rss_activate)
C:\Users\Nicolai\Documents\NMBU\TEL320\Project\stm32l476_module_software\cortex_m4\rss\lib\libacconeer.a(acc_rss_assembly_test.o)
                              ./Src/example_assembly_test.o (acc_rss_assembly_test_configuration_create)
C:\Users\Nicolai\Documents\NMBU\TEL320\Project\stm32l476_module_software\cortex_m4\rss\lib\libacconeer.a(acc_service.o)
                              ./Src/example_service_envelope.o (acc_service_requested_start_set)
C:\Users\Nicolai\Documents\NMBU\TEL320\Project\stm32l476_module_software\cortex_m4\rss\lib\libacconeer.a(acc_service_envelope.o)
                              ./Src/example_service_envelope.o (acc_service_envelope_configuration_create)
C:\Users\Nicolai\Documents\NMBU\TEL320\Project\stm32l476_module_software\cortex_m4\rss\lib\libacconeer.a(acc_service_manager.o)
                              C:\Users\Nicolai\Documents\NMBU\TEL320\Project\stm32l476_module_software\cortex_m4\rss\lib\libacconeer.a(acc_rss.o) (acc_service_manager_activate)
C:\Users\Nicolai\Documents\NMBU\TEL320\Project\stm32l476_module_software\cortex_m4\rss\lib\libacconeer.a(acc_version_a111.o)
                              ./Src/example_assembly_test.o (acc_version_get)
C:\Users\Nicolai\Documents\NMBU\TEL320\Project\stm32l476_module_software\cortex_m4\rss\lib\libacconeer.a(acc_base_configuration.o)
                              C:\Users\Nicolai\Documents\NMBU\TEL320\Project\stm32l476_module_software\cortex_m4\rss\lib\libacconeer.a(acc_service.o) (acc_base_configuration_sensor_get)
C:\Users\Nicolai\Documents\NMBU\TEL320\Project\stm32l476_module_software\cortex_m4\rss\lib\libacconeer.a(acc_rss_integration.o)
                              C:\Users\Nicolai\Documents\NMBU\TEL320\Project\stm32l476_module_software\cortex_m4\rss\lib\libacconeer.a(acc_rss.o) (acc_rss_integration_register)
C:\Users\Nicolai\Documents\NMBU\TEL320\Project\stm32l476_module_software\cortex_m4\rss\lib\libacconeer.a(acc_pipeline_envelope.o)
                              C:\Users\Nicolai\Documents\NMBU\TEL320\Project\stm32l476_module_software\cortex_m4\rss\lib\libacconeer.a(acc_service_envelope.o) (acc_pipeline_envelope_assemble)
C:\Users\Nicolai\Documents\NMBU\TEL320\Project\stm32l476_module_software\cortex_m4\rss\lib\libacconeer.a(acc_radar_engine_linear.o)
                              C:\Users\Nicolai\Documents\NMBU\TEL320\Project\stm32l476_module_software\cortex_m4\rss\lib\libacconeer.a(acc_service_envelope.o) (acc_radar_engine_linear_create)
C:\Users\Nicolai\Documents\NMBU\TEL320\Project\stm32l476_module_software\cortex_m4\rss\lib\libacconeer.a(acc_radar_engine_production.o)
                              C:\Users\Nicolai\Documents\NMBU\TEL320\Project\stm32l476_module_software\cortex_m4\rss\lib\libacconeer.a(acc_rss_assembly_test.o) (acc_radar_engine_production_create)
C:\Users\Nicolai\Documents\NMBU\TEL320\Project\stm32l476_module_software\cortex_m4\rss\lib\libacconeer.a(acc_radar_engine_common.o)
                              C:\Users\Nicolai\Documents\NMBU\TEL320\Project\stm32l476_module_software\cortex_m4\rss\lib\libacconeer.a(acc_radar_engine_linear.o) (acc_radar_engine_common_get_timeout_ms)
C:\Users\Nicolai\Documents\NMBU\TEL320\Project\stm32l476_module_software\cortex_m4\rss\lib\libacconeer.a(acc_radar_engine_common_sweep_w_dly.o)
                              C:\Users\Nicolai\Documents\NMBU\TEL320\Project\stm32l476_module_software\cortex_m4\rss\lib\libacconeer.a(acc_radar_engine_linear.o) (acc_radar_engine_common_sweep_w_dly_initialize_range)
C:\Users\Nicolai\Documents\NMBU\TEL320\Project\stm32l476_module_software\cortex_m4\rss\lib\libacconeer.a(acc_sensor_comm_r2.o)
                              C:\Users\Nicolai\Documents\NMBU\TEL320\Project\stm32l476_module_software\cortex_m4\rss\lib\libacconeer.a(acc_radar_engine_linear.o) (acc_sensor_r2_get_max_header_length)
C:\Users\Nicolai\Documents\NMBU\TEL320\Project\stm32l476_module_software\cortex_m4\rss\lib\libacconeer.a(acc_sensor_manager.o)
                              C:\Users\Nicolai\Documents\NMBU\TEL320\Project\stm32l476_module_software\cortex_m4\rss\lib\libacconeer.a(acc_rss.o) (acc_sensor_manager_activate)
C:\Users\Nicolai\Documents\NMBU\TEL320\Project\stm32l476_module_software\cortex_m4\rss\lib\libacconeer.a(acc_sensor_protocol_r2.o)
                              C:\Users\Nicolai\Documents\NMBU\TEL320\Project\stm32l476_module_software\cortex_m4\rss\lib\libacconeer.a(acc_radar_engine_linear.o) (acc_sensor_protocol_r2_wait_for_event)
C:\Users\Nicolai\Documents\NMBU\TEL320\Project\stm32l476_module_software\cortex_m4\rss\lib\libacconeer.a(acc_sweep_manager.o)
[...]
Memory Configuration

Name             Origin             Length             Attributes
RAM              0x0000000020000000 0x0000000000018000 xrw
RAM2             0x0000000010000000 0x0000000000008000 xrw
FLASH            0x0000000008000000 0x0000000000100000 xr
*default*        0x0000000000000000 0xffffffffffffffff

Linker script and memory map

LOAD C:/ST/STM32CubeIDE_1.13.1/STM32CubeIDE/plugins/com.st.stm32cube.ide.mcu.externaltools.gnu-tools-for-stm32.11.3.rel1.win32_1.1.0.202305231506/tools/bin/../lib/gcc/arm-none-eabi/11.3.1/thumb/v7e-m+fp/hard/crti.o
LOAD C:/ST/STM32CubeIDE_1.13.1/STM32CubeIDE/plugins/com.st.stm32cube.ide.mcu.externaltools.gnu-tools-for-stm32.11.3.rel1.win32_1.1.0.202305231506/tools/bin/../lib/gcc/arm-none-eabi/11.3.1/thumb/v7e-m+fp/hard/crtbegin.o
LOAD C:/ST/STM32CubeIDE_1.13.1/STM32CubeIDE/plugins/com.st.stm32cube.ide.mcu.externaltools.gnu-tools-for-stm32.11.3.rel1.win32_1.1.0.202305231506/tools/bin/../lib/gcc/arm-none-eabi/11.3.1/../../../../arm-none-eabi/lib/thumb/v7e-m+fp/hard/crt0.o
LOAD ./Drivers/STM32L4xx_HAL_Driver/Src/stm32l4xx_hal.o
LOAD ./Drivers/STM32L4xx_HAL_Driver/Src/stm32l4xx_hal_cortex.o
LOAD ./Drivers/STM32L4xx_HAL_Driver/Src/stm32l4xx_hal_dma.o
LOAD ./Drivers/STM32L4xx_HAL_Driver/Src/stm32l4xx_hal_dma_ex.o
LOAD ./Drivers/STM32L4xx_HAL_Driver/Src/stm32l4xx_hal_exti.o
LOAD ./Drivers/STM32L4xx_HAL_Driver/Src/stm32l4xx_hal_flash.o
LOAD ./Drivers/STM32L4xx_HAL_Driver/Src/stm32l4xx_hal_flash_ex.o
LOAD ./Drivers/STM32L4xx_HAL_Driver/Src/stm32l4xx_hal_flash_ramfunc.o
LOAD ./Drivers/STM32L4xx_HAL_Driver/Src/stm32l4xx_hal_gpio.o
LOAD ./Drivers/STM32L4xx_HAL_Driver/Src/stm32l4xx_hal_i2c.o
LOAD ./Drivers/STM32L4xx_HAL_Driver/Src/stm32l4xx_hal_i2c_ex.o
LOAD ./Drivers/STM32L4xx_HAL_Driver/Src/stm32l4xx_hal_pwr.o
LOAD ./Drivers/STM32L4xx_HAL_Driver/Src/stm32l4xx_hal_pwr_ex.o
LOAD ./Drivers/STM32L4xx_HAL_Driver/Src/stm32l4xx_hal_rcc.o
LOAD ./Drivers/STM32L4xx_HAL_Driver/Src/stm32l4xx_hal_rcc_ex.o
LOAD ./Drivers/STM32L4xx_HAL_Driver/Src/stm32l4xx_hal_spi.o
LOAD ./Drivers/STM32L4xx_HAL_Driver/Src/stm32l4xx_hal_spi_ex.o
LOAD ./Drivers/STM32L4xx_HAL_Driver/Src/stm32l4xx_hal_tim.o
LOAD ./Drivers/STM32L4xx_HAL_Driver/Src/stm32l4xx_hal_tim_ex.o
LOAD ./Drivers/STM32L4xx_HAL_Driver/Src/stm32l4xx_hal_uart.o
LOAD ./Drivers/STM32L4xx_HAL_Driver/Src/stm32l4xx_hal_uart_ex.o
LOAD ./Src/acc_hal_integration_stm32cube_sparkfun_a111.o
LOAD ./Src/acc_integration_cortex.o
LOAD ./Src/acc_integration_log.o
LOAD ./Src/acc_integration_stm32.o
LOAD ./Src/acc_ms_system_cortex.o
LOAD ./Src/acc_ms_system_stm32cube.o
LOAD ./Src/acc_wrap_printf.o
LOAD ./Src/example_assembly_test.o
LOAD ./Src/example_service_envelope.o
LOAD ./Src/main.o
LOAD ./Src/printf.o
LOAD ./Src/stm32l4xx_hal_msp.o
LOAD ./Src/stm32l4xx_it.o
LOAD ./Src/syscalls.o
LOAD ./Src/sysmem.o
LOAD ./Src/system_stm32l4xx.o
LOAD ./Startup/startup_stm32l476rgtx.o
LOAD C:\Users\Nicolai\Documents\NMBU\TEL320\Project\stm32l476_module_software\cortex_m4\rss\lib\libacconeer.a
START GROUP
LOAD C:/ST/STM32CubeIDE_1.13.1/STM32CubeIDE/plugins/com.st.stm32cube.ide.mcu.externaltools.gnu-tools-for-stm32.11.3.rel1.win32_1.1.0.202305231506/tools/bin/../lib/gcc/arm-none-eabi/11.3.1/../../../../arm-none-eabi/lib/thumb/v7e-m+fp/hard\libc_nano.a
LOAD C:/ST/STM32CubeIDE_1.13.1/STM32CubeIDE/plugins/com.st.stm32cube.ide.mcu.externaltools.gnu-tools-for-stm32.11.3.rel1.win32_1.1.0.202305231506/tools/bin/../lib/gcc/arm-none-eabi/11.3.1/../../../../arm-none-eabi/lib/thumb/v7e-m+fp/hard\libm.a
END GROUP
START GROUP
LOAD C:/ST/STM32CubeIDE_1.13.1/STM32CubeIDE/plugins/com.st.stm32cube.ide.mcu.externaltools.gnu-tools-for-stm32.11.3.rel1.win32_1.1.0.202305231506/tools/bin/../lib/gcc/arm-none-eabi/11.3.1/thumb/v7e-m+fp/hard\libgcc.a
LOAD C:/ST/STM32CubeIDE_1.13.1/STM32CubeIDE/plugins/com.st.stm32cube.ide.mcu.externaltools.gnu-tools-for-stm32.11.3.rel1.win32_1.1.0.202305231506/tools/bin/../lib/gcc/arm-none-eabi/11.3.1/../../../../arm-none-eabi/lib/thumb/v7e-m+fp/hard\libc_nano.a
END GROUP
START GROUP
LOAD C:/ST/STM32CubeIDE_1.13.1/STM32CubeIDE/plugins/com.st.stm32cube.ide.mcu.externaltools.gnu-tools-for-stm32.11.3.rel1.win32_1.1.0.202305231506/tools/bin/../lib/gcc/arm-none-eabi/11.3.1/thumb/v7e-m+fp/hard\libgcc.a
LOAD C:/ST/STM32CubeIDE_1.13.1/STM32CubeIDE/plugins/com.st.stm32cube.ide.mcu.externaltools.gnu-tools-for-stm32.11.3.rel1.win32_1.1.0.202305231506/tools/bin/../lib/gcc/arm-none-eabi/11.3.1/../../../../arm-none-eabi/lib/thumb/v7e-m+fp/hard\libc_nano.a
LOAD C:/ST/STM32CubeIDE_1.13.1/STM32CubeIDE/plugins/com.st.stm32cube.ide.mcu.externaltools.gnu-tools-for-stm32.11.3.rel1.win32_1.1.0.202305231506/tools/bin/../lib/gcc/arm-none-eabi/11.3.1/../../../../arm-none-eabi/lib/thumb/v7e-m+fp/hard\libnosys.a
END GROUP
START GROUP
LOAD C:/ST/STM32CubeIDE_1.13.1/STM32CubeIDE/plugins/com.st.stm32cube.ide.mcu.externaltools.gnu-tools-for-stm32.11.3.rel1.win32_1.1.0.202305231506/tools/bin/../lib/gcc/arm-none-eabi/11.3.1/thumb/v7e-m+fp/hard\libgcc.a
LOAD C:/ST/STM32CubeIDE_1.13.1/STM32CubeIDE/plugins/com.st.stm32cube.ide.mcu.externaltools.gnu-tools-for-stm32.11.3.rel1.win32_1.1.0.202305231506/tools/bin/../lib/gcc/arm-none-eabi/11.3.1/../../../../arm-none-eabi/lib/thumb/v7e-m+fp/hard\libc_nano.a
LOAD C:/ST/STM32CubeIDE_1.13.1/STM32CubeIDE/plugins/com.st.stm32cube.ide.mcu.externaltools.gnu-tools-for-stm32.11.3.rel1.win32_1.1.0.202305231506/tools/bin/../lib/gcc/arm-none-eabi/11.3.1/../../../../arm-none-eabi/lib/thumb/v7e-m+fp/hard\libnosys.a
END GROUP
LOAD C:/ST/STM32CubeIDE_1.13.1/STM32CubeIDE/plugins/com.st.stm32cube.ide.mcu.externaltools.gnu-tools-for-stm32.11.3.rel1.win32_1.1.0.202305231506/tools/bin/../lib/gcc/arm-none-eabi/11.3.1/thumb/v7e-m+fp/hard/crtend.o
LOAD C:/ST/STM32CubeIDE_1.13.1/STM32CubeIDE/plugins/com.st.stm32cube.ide.mcu.externaltools.gnu-tools-for-stm32.11.3.rel1.win32_1.1.0.202305231506/tools/bin/../lib/gcc/arm-none-eabi/11.3.1/thumb/v7e-m+fp/hard/crtn.o
                0x0000000020018000                _estack = (ORIGIN (RAM) + LENGTH (RAM))
                0x0000000000000200                _Min_Heap_Size = 0x200
                0x0000000000002000                _Min_Stack_Size = 0x2000

.isr_vector     0x0000000008000000      0x188
                0x0000000008000000                . = ALIGN (0x4)
 *(.isr_vector)
 .isr_vector    0x0000000008000000      0x188 ./Startup/startup_stm32l476rgtx.o
                0x0000000008000000                g_pfnVectors
                0x0000000008000188                . = ALIGN (0x4)

.text           0x0000000008000190    0x11908
                0x0000000008000190                . = ALIGN (0x4)
 *(.text)
 .text          0x0000000008000190       0x40 C:/ST/STM32CubeIDE_1.13.1/STM32CubeIDE/plugins/com.st.stm32cube.ide.mcu.externaltools.gnu-tools-for-stm32.11.3.rel1.win32_1.1.0.202305231506/tools/bin/../lib/gcc/arm-none-eabi/11.3.1/thumb/v7e-m+fp/hard/crtbegin.o
 .text          0x00000000080001d0       0xe4 C:\Users\Nicolai\Documents\NMBU\TEL320\Project\stm32l476_module_software\cortex_m4\rss\lib\libacconeer.a(acc_alg_biquad_q3_12_gnu.o)
                0x00000000080001d0                acc_alg_biquad_q3_12_complex_direct_form_1_reverse
                0x00000000080001d8                acc_alg_biquad_q3_12_complex_direct_form_1
                0x0000000008000254                acc_alg_biquad_q3_12_direct_form_1_reverse
                0x000000000800025c                acc_alg_biquad_q3_12_direct_form_1
 *fill*         0x00000000080002b4        0xc 
 .text          0x00000000080002c0       0xa0 C:/ST/STM32CubeIDE_1.13.1/STM32CubeIDE/plugins/com.st.stm32cube.ide.mcu.externaltools.gnu-tools-for-stm32.11.3.rel1.win32_1.1.0.202305231506/tools/bin/../lib/gcc/arm-none-eabi/11.3.1/../../../../arm-none-eabi/lib/thumb/v7e-m+fp/hard\libc_nano.a(libc_a-memchr.o)
                0x00000000080002c0                memchr
 .text          0x0000000008000360       0x10 C:/ST/STM32CubeIDE_1.13.1/STM32CubeIDE/plugins/com.st.stm32cube.ide.mcu.externaltools.gnu-tools-for-stm32.11.3.rel1.win32_1.1.0.202305231506/tools/bin/../lib/gcc/arm-none-eabi/11.3.1/../../../../arm-none-eabi/lib/thumb/v7e-m+fp/hard\libc_nano.a(libc_a-strlen.o)
                0x0000000008000360                strlen
 .text          0x0000000008000370      0x378 C:/ST/STM32CubeIDE_1.13.1/STM32CubeIDE/plugins/com.st.stm32cube.ide.mcu.externaltools.gnu-tools-for-stm32.11.3.rel1.win32_1.1.0.202305231506/tools/bin/../lib/gcc/arm-none-eabi/11.3.1/thumb/v7e-m+fp/hard\libgcc.a(_arm_addsubdf3.o)
                0x0000000008000370                __aeabi_drsub
                0x0000000008000378                __aeabi_dsub
                0x0000000008000378                __subdf3
                0x000000000800037c                __aeabi_dadd
                0x000000000800037c                __adddf3
                0x00000000080005f4                __floatunsidf
                0x00000000080005f4                __aeabi_ui2d
                0x0000000008000614                __floatsidf
                0x0000000008000614                __aeabi_i2d
                0x0000000008000638                __aeabi_f2d
                0x0000000008000638                __extendsfdf2
                0x000000000800067c                __floatundidf
                0x000000000800067c                __aeabi_ul2d
                0x000000000800068c                __floatdidf
                0x000000000800068c                __aeabi_l2d
 .text          0x00000000080006e8      0x424 C:/ST/STM32CubeIDE_1.13.1/STM32CubeIDE/plugins/com.st.stm32cube.ide.mcu.externaltools.gnu-tools-for-stm32.11.3.rel1.win32_1.1.0.202305231506/tools/bin/../lib/gcc/arm-none-eabi/11.3.1/thumb/v7e-m+fp/hard\libgcc.a(_arm_muldivdf3.o)
                0x00000000080006e8                __aeabi_dmul
                0x00000000080006e8                __muldf3
                0x000000000800093c                __divdf3
                0x000000000800093c                __aeabi_ddiv
 .text          0x0000000008000b0c      0x110 C:/ST/STM32CubeIDE_1.13.1/STM32CubeIDE/plugins/com.st.stm32cube.ide.mcu.externaltools.gnu-tools-for-stm32.11.3.rel1.win32_1.1.0.202305231506/tools/bin/../lib/gcc/arm-none-eabi/11.3.1/thumb/v7e-m+fp/hard\libgcc.a(_arm_cmpdf2.o)
                0x0000000008000b0c                __gtdf2
                0x0000000008000b0c                __gedf2
                0x0000000008000b14                __ltdf2
                0x0000000008000b14                __ledf2
                0x0000000008000b1c                __nedf2
                0x0000000008000b1c                __eqdf2
                0x0000000008000b1c                __cmpdf2
                0x0000000008000b98                __aeabi_cdrcmple
                0x0000000008000ba8                __aeabi_cdcmpeq
                0x0000000008000ba8                __aeabi_cdcmple
                0x0000000008000bb8                __aeabi_dcmpeq
                0x0000000008000bcc                __aeabi_dcmplt
                0x0000000008000be0                __aeabi_dcmple
                0x0000000008000bf4                __aeabi_dcmpge
                0x0000000008000c08                __aeabi_dcmpgt
 .text          0x0000000008000c1c       0x2c C:/ST/STM32CubeIDE_1.13.1/STM32CubeIDE/plugins/com.st.stm32cube.ide.mcu.externaltools.gnu-tools-for-stm32.11.3.rel1.win32_1.1.0.202305231506/tools/bin/../lib/gcc/arm-none-eabi/11.3.1/thumb/v7e-m+fp/hard\libgcc.a(_arm_unorddf2.o)
                0x0000000008000c1c                __unorddf2
                0x0000000008000c1c                __aeabi_dcmpun
 .text          0x0000000008000c48       0x50 C:/ST/STM32CubeIDE_1.13.1/STM32CubeIDE/plugins/com.st.stm32cube.ide.mcu.externaltools.gnu-tools-for-stm32.11.3.rel1.win32_1.1.0.202305231506/tools/bin/../lib/gcc/arm-none-eabi/11.3.1/thumb/v7e-m+fp/hard\libgcc.a(_arm_fixdfsi.o)
                0x0000000008000c48                __aeabi_d2iz
                0x0000000008000c48                __fixdfsi
 .text          0x0000000008000c98       0x30 C:/ST/STM32CubeIDE_1.13.1/STM32CubeIDE/plugins/com.st.stm32cube.ide.mcu.externaltools.gnu-tools-for-stm32.11.3.rel1.win32_1.1.0.202305231506/tools/bin/../lib/gcc/arm-none-eabi/11.3.1/thumb/v7e-m+fp/hard\libgcc.a(_aeabi_uldivmod.o)
                0x0000000008000c98                __aeabi_uldivmod
 .text          0x0000000008000cc8      0x2c8 C:/ST/STM32CubeIDE_1.13.1/STM32CubeIDE/plugins/com.st.stm32cube.ide.mcu.externaltools.gnu-tools-for-stm32.11.3.rel1.win32_1.1.0.202305231506/tools/bin/../lib/gcc/arm-none-eabi/11.3.1/thumb/v7e-m+fp/hard\libgcc.a(_udivmoddi4.o)
                0x0000000008000cc8                __udivmoddi4
 .text          0x0000000008000f90        0x4 C:/ST/STM32CubeIDE_1.13.1/STM32CubeIDE/plugins/com.st.stm32cube.ide.mcu.externaltools.gnu-tools-for-stm32.11.3.rel1.win32_1.1.0.202305231506/tools/bin/../lib/gcc/arm-none-eabi/11.3.1/thumb/v7e-m+fp/hard\libgcc.a(_dvmd_tls.o)
                0x0000000008000f90                __aeabi_idiv0
                0x0000000008000f90                __aeabi_ldiv0
 *(.text*)
 .text.HAL_Init
                0x0000000008000f94       0x40 ./Drivers/STM32L4xx_HAL_Driver/Src/stm32l4xx_hal.o
                0x0000000008000f94                HAL_Init
 .text.HAL_InitTick
                0x0000000008000fd4       0x78 ./Drivers/STM32L4xx_HAL_Driver/Src/stm32l4xx_hal.o
                0x0000000008000fd4                HAL_InitTick
 .text.HAL_IncTick
                0x000000000800104c       0x28 ./Drivers/STM32L4xx_HAL_Driver/Src/stm32l4xx_hal.o
                0x000000000800104c                HAL_IncTick
 .text.HAL_GetTick
                0x0000000008001074       0x18 ./Drivers/STM32L4xx_HAL_Driver/Src/stm32l4xx_hal.o
                0x0000000008001074                HAL_GetTick
 .text.HAL_Delay
                0x000000000800108c       0x48 ./Drivers/STM32L4xx_HAL_Driver/Src/stm32l4xx_hal.o
                0x000000000800108c                HAL_Delay
 .text.__NVIC_SetPriorityGrouping
                0x00000000080010d4       0x48 ./Drivers/STM32L4xx_HAL_Driver/Src/stm32l4xx_hal_cortex.o
 .text.__NVIC_GetPriorityGrouping
                0x000000000800111c       0x1c ./Drivers/STM32L4xx_HAL_Driver/Src/stm32l4xx_hal_cortex.o
 .text.__NVIC_EnableIRQ
                0x0000000008001138       0x3c ./Drivers/STM32L4xx_HAL_Driver/Src/stm32l4xx_hal_cortex.o
 .text.__NVIC_SetPriority
                0x0000000008001174       0x54 ./Drivers/STM32L4xx_HAL_Driver/Src/stm32l4xx_hal_cortex.o
 .text.NVIC_EncodePriority
                0x00000000080011c8       0x66 ./Drivers/STM32L4xx_HAL_Driver/Src/stm32l4xx_hal_cortex.o
 *fill*         0x000000000800122e        0x2 
 .text.SysTick_Config
                0x0000000008001230       0x44 ./Drivers/STM32L4xx_HAL_Driver/Src/stm32l4xx_hal_cortex.o
 .text.HAL_NVIC_SetPriorityGrouping
                0x0000000008001274       0x16 ./Drivers/STM32L4xx_HAL_Driver/Src/stm32l4xx_hal_cortex.o
                0x0000000008001274                HAL_NVIC_SetPriorityGrouping
 .text.HAL_NVIC_SetPriority
                0x000000000800128a       0x38 ./Drivers/STM32L4xx_HAL_Driver/Src/stm32l4xx_hal_cortex.o
                0x000000000800128a                HAL_NVIC_SetPriority
 .text.HAL_NVIC_EnableIRQ
                0x00000000080012c2       0x1c ./Drivers/STM32L4xx_HAL_Driver/Src/stm32l4xx_hal_cortex.o
                0x00000000080012c2                HAL_NVIC_EnableIRQ
 .text.HAL_SYSTICK_Config
                0x00000000080012de       0x18 ./Drivers/STM32L4xx_HAL_Driver/Src/stm32l4xx_hal_cortex.o
                0x00000000080012de                HAL_SYSTICK_Config
 *fill*         0x00000000080012f6        0x2 
 .text.HAL_DMA_Init
                0x00000000080012f8      0x170 ./Drivers/STM32L4xx_HAL_Driver/Src/stm32l4xx_hal_dma.o
                0x00000000080012f8                HAL_DMA_Init
 .text.HAL_DMA_Start_IT
                0x0000000008001468       0xc0 ./Drivers/STM32L4xx_HAL_Driver/Src/stm32l4xx_hal_dma.o
                0x0000000008001468                HAL_DMA_Start_IT
 .text.HAL_DMA_Abort
                0x0000000008001528       0x7c ./Drivers/STM32L4xx_HAL_Driver/Src/stm32l4xx_hal_dma.o
                0x0000000008001528                HAL_DMA_Abort
 .text.HAL_DMA_Abort_IT
                0x00000000080015a4       0x82 ./Drivers/STM32L4xx_HAL_Driver/Src/stm32l4xx_hal_dma.o
                0x00000000080015a4                HAL_DMA_Abort_IT
 .text.HAL_DMA_IRQHandler
                0x0000000008001626      0x15e ./Drivers/STM32L4xx_HAL_Driver/Src/stm32l4xx_hal_dma.o
                0x0000000008001626                HAL_DMA_IRQHandler
 .text.HAL_DMA_GetError
                0x0000000008001784       0x18 ./Drivers/STM32L4xx_HAL_Driver/Src/stm32l4xx_hal_dma.o
                0x0000000008001784                HAL_DMA_GetError
 .text.DMA_SetConfig
                0x000000000800179c       0x60 ./Drivers/STM32L4xx_HAL_Driver/Src/stm32l4xx_hal_dma.o
 .text.HAL_GPIO_Init
                0x00000000080017fc      0x354 ./Drivers/STM32L4xx_HAL_Driver/Src/stm32l4xx_hal_gpio.o
                0x00000000080017fc                HAL_GPIO_Init
 .text.HAL_GPIO_ReadPin
                0x0000000008001b50       0x30 ./Drivers/STM32L4xx_HAL_Driver/Src/stm32l4xx_hal_gpio.o
                0x0000000008001b50                HAL_GPIO_ReadPin
 .text.HAL_GPIO_WritePin
                0x0000000008001b80       0x30 ./Drivers/STM32L4xx_HAL_Driver/Src/stm32l4xx_hal_gpio.o
                0x0000000008001b80                HAL_GPIO_WritePin
 .text.HAL_GPIO_EXTI_IRQHandler
                0x0000000008001bb0       0x30 ./Drivers/STM32L4xx_HAL_Driver/Src/stm32l4xx_hal_gpio.o
                0x0000000008001bb0                HAL_GPIO_EXTI_IRQHandler
 .text.HAL_PWREx_GetVoltageRange
                0x0000000008001be0       0x1c ./Drivers/STM32L4xx_HAL_Driver/Src/stm32l4xx_hal_pwr_ex.o
                0x0000000008001be0                HAL_PWREx_GetVoltageRange
 .text.HAL_PWREx_ControlVoltageScaling
                0x0000000008001bfc       0xac ./Drivers/STM32L4xx_HAL_Driver/Src/stm32l4xx_hal_pwr_ex.o
                0x0000000008001bfc                HAL_PWREx_ControlVoltageScaling
 .text.HAL_RCC_OscConfig
                0x0000000008001ca8      0x7d0 ./Drivers/STM32L4xx_HAL_Driver/Src/stm32l4xx_hal_rcc.o
                0x0000000008001ca8                HAL_RCC_OscConfig
 .text.HAL_RCC_ClockConfig
                0x0000000008002478      0x1c4 ./Drivers/STM32L4xx_HAL_Driver/Src/stm32l4xx_hal_rcc.o
                0x0000000008002478                HAL_RCC_ClockConfig
 .text.HAL_RCC_GetSysClockFreq
                0x000000000800263c      0x118 ./Drivers/STM32L4xx_HAL_Driver/Src/stm32l4xx_hal_rcc.o
                0x000000000800263c                HAL_RCC_GetSysClockFreq
 .text.HAL_RCC_GetHCLKFreq
                0x0000000008002754       0x18 ./Drivers/STM32L4xx_HAL_Driver/Src/stm32l4xx_hal_rcc.o
                0x0000000008002754                HAL_RCC_GetHCLKFreq
 .text.HAL_RCC_GetPCLK1Freq
                0x000000000800276c       0x2c ./Drivers/STM32L4xx_HAL_Driver/Src/stm32l4xx_hal_rcc.o
                0x000000000800276c                HAL_RCC_GetPCLK1Freq
 .text.HAL_RCC_GetPCLK2Freq
                0x0000000008002798       0x2c ./Drivers/STM32L4xx_HAL_Driver/Src/stm32l4xx_hal_rcc.o
                0x0000000008002798                HAL_RCC_GetPCLK2Freq
 .text.RCC_SetFlashLatencyFromMSIRange
                0x00000000080027c4       0xc0 ./Drivers/STM32L4xx_HAL_Driver/Src/stm32l4xx_hal_rcc.o
 .text.HAL_RCCEx_PeriphCLKConfig
                0x0000000008002884      0x5d4 ./Drivers/STM32L4xx_HAL_Driver/Src/stm32l4xx_hal_rcc_ex.o
                0x0000000008002884                HAL_RCCEx_PeriphCLKConfig
 .text.RCCEx_PLLSAI1_Config
                0x0000000008002e58      0x1e8 ./Drivers/STM32L4xx_HAL_Driver/Src/stm32l4xx_hal_rcc_ex.o
 .text.RCCEx_PLLSAI2_Config
                0x0000000008003040      0x1bc ./Drivers/STM32L4xx_HAL_Driver/Src/stm32l4xx_hal_rcc_ex.o
 .text.HAL_SPI_Init
                0x00000000080031fc      0x146 ./Drivers/STM32L4xx_HAL_Driver/Src/stm32l4xx_hal_spi.o
                0x00000000080031fc                HAL_SPI_Init
 *fill*         0x0000000008003342        0x2 
 .text.HAL_SPI_TransmitReceive_DMA
                0x0000000008003344      0x318 ./Drivers/STM32L4xx_HAL_Driver/Src/stm32l4xx_hal_spi.o
                0x0000000008003344                HAL_SPI_TransmitReceive_DMA
 .text.HAL_SPI_IRQHandler
                0x000000000800365c      0x1e8 ./Drivers/STM32L4xx_HAL_Driver/Src/stm32l4xx_hal_spi.o
                0x000000000800365c                HAL_SPI_IRQHandler
 .text.HAL_SPI_RxCpltCallback
                0x0000000008003844       0x14 ./Drivers/STM32L4xx_HAL_Driver/Src/stm32l4xx_hal_spi.o
                0x0000000008003844                HAL_SPI_RxCpltCallback
 .text.HAL_SPI_RxHalfCpltCallback
                0x0000000008003858       0x14 ./Drivers/STM32L4xx_HAL_Driver/Src/stm32l4xx_hal_spi.o
                0x0000000008003858                HAL_SPI_RxHalfCpltCallback
 .text.HAL_SPI_TxRxHalfCpltCallback
                0x000000000800386c       0x14 ./Drivers/STM32L4xx_HAL_Driver/Src/stm32l4xx_hal_spi.o
                0x000000000800386c                HAL_SPI_TxRxHalfCpltCallback
 .text.HAL_SPI_ErrorCallback
                0x0000000008003880       0x14 ./Drivers/STM32L4xx_HAL_Driver/Src/stm32l4xx_hal_spi.o
                0x0000000008003880                HAL_SPI_ErrorCallback
 .text.SPI_DMAReceiveCplt
                0x0000000008003894       0xa8 ./Drivers/STM32L4xx_HAL_Driver/Src/stm32l4xx_hal_spi.o
 .text.SPI_DMATransmitReceiveCplt
                0x000000000800393c       0x90 ./Drivers/STM32L4xx_HAL_Driver/Src/stm32l4xx_hal_spi.o
 .text.SPI_DMAHalfReceiveCplt
                0x00000000080039cc       0x1c ./Drivers/STM32L4xx_HAL_Driver/Src/stm32l4xx_hal_spi.o
 .text.SPI_DMAHalfTransmitReceiveCplt
                0x00000000080039e8       0x1c ./Drivers/STM32L4xx_HAL_Driver/Src/stm32l4xx_hal_spi.o
 .text.SPI_DMAError
                0x0000000008003a04       0x40 ./Drivers/STM32L4xx_HAL_Driver/Src/stm32l4xx_hal_spi.o
 .text.SPI_DMAAbortOnError
                0x0000000008003a44       0x2a ./Drivers/STM32L4xx_HAL_Driver/Src/stm32l4xx_hal_spi.o
 *fill*         0x0000000008003a6e        0x2 
 .text.SPI_WaitFlagStateUntilTimeout
                0x0000000008003a70      0x110 ./Drivers/STM32L4xx_HAL_Driver/Src/stm32l4xx_hal_spi.o
 .text.SPI_WaitFifoStateUntilTimeout
                0x0000000008003b80      0x124 ./Drivers/STM32L4xx_HAL_Driver/Src/stm32l4xx_hal_spi.o
 .text.SPI_EndRxTransaction
                0x0000000008003ca4       0xb0 ./Drivers/STM32L4xx_HAL_Driver/Src/stm32l4xx_hal_spi.o
 .text.SPI_EndRxTxTransaction
                0x0000000008003d54       0x8c ./Drivers/STM32L4xx_HAL_Driver/Src/stm32l4xx_hal_spi.o
 .text.HAL_UART_Init
                0x0000000008003de0       0x9c ./Drivers/STM32L4xx_HAL_Driver/Src/stm32l4xx_hal_uart.o
                0x0000000008003de0                HAL_UART_Init
 .text.HAL_UART_Transmit
                0x0000000008003e7c      0x128 ./Drivers/STM32L4xx_HAL_Driver/Src/stm32l4xx_hal_uart.o
                0x0000000008003e7c                HAL_UART_Transmit
 .text.HAL_UART_Receive_DMA
                0x0000000008003fa4       0x88 ./Drivers/STM32L4xx_HAL_Driver/Src/stm32l4xx_hal_uart.o
                0x0000000008003fa4                HAL_UART_Receive_DMA
 .text.HAL_UART_AbortTransmit
                0x000000000800402c       0x8a ./Drivers/STM32L4xx_HAL_Driver/Src/stm32l4xx_hal_uart.o
                0x000000000800402c                HAL_UART_AbortTransmit
 .text.HAL_UART_AbortReceive
                0x00000000080040b6       0xd4 ./Drivers/STM32L4xx_HAL_Driver/Src/stm32l4xx_hal_uart.o
                0x00000000080040b6                HAL_UART_AbortReceive
 *fill*         0x000000000800418a        0x2 
 .text.HAL_UART_IRQHandler
                0x000000000800418c      0x404 ./Drivers/STM32L4xx_HAL_Driver/Src/stm32l4xx_hal_uart.o
                0x000000000800418c                HAL_UART_IRQHandler
 .text.HAL_UART_RxCpltCallback
                0x0000000008004590       0x14 ./Drivers/STM32L4xx_HAL_Driver/Src/stm32l4xx_hal_uart.o
                0x0000000008004590                HAL_UART_RxCpltCallback
 .text.HAL_UART_RxHalfCpltCallback
                0x00000000080045a4       0x14 ./Drivers/STM32L4xx_HAL_Driver/Src/stm32l4xx_hal_uart.o
                0x00000000080045a4                HAL_UART_RxHalfCpltCallback
 .text.HAL_UARTEx_RxEventCallback
                0x00000000080045b8       0x18 ./Drivers/STM32L4xx_HAL_Driver/Src/stm32l4xx_hal_uart.o
                0x00000000080045b8                HAL_UARTEx_RxEventCallback
 .text.HAL_UART_ReceiverTimeout_Config
                0x00000000080045d0       0x38 ./Drivers/STM32L4xx_HAL_Driver/Src/stm32l4xx_hal_uart.o
                0x00000000080045d0                HAL_UART_ReceiverTimeout_Config
 .text.UART_SetConfig
                0x0000000008004608      0x574 ./Drivers/STM32L4xx_HAL_Driver/Src/stm32l4xx_hal_uart.o
                0x0000000008004608                UART_SetConfig
 .text.UART_AdvFeatureConfig
                0x0000000008004b7c      0x144 ./Drivers/STM32L4xx_HAL_Driver/Src/stm32l4xx_hal_uart.o
                0x0000000008004b7c                UART_AdvFeatureConfig
 .text.UART_CheckIdleState
                0x0000000008004cc0       0x92 ./Drivers/STM32L4xx_HAL_Driver/Src/stm32l4xx_hal_uart.o
                0x0000000008004cc0                UART_CheckIdleState
 .text.UART_WaitOnFlagUntilTimeout
                0x0000000008004d52       0xf8 ./Drivers/STM32L4xx_HAL_Driver/Src/stm32l4xx_hal_uart.o
                0x0000000008004d52                UART_WaitOnFlagUntilTimeout
 *fill*         0x0000000008004e4a        0x2 
 .text.UART_Start_Receive_DMA
                0x0000000008004e4c       0xd8 ./Drivers/STM32L4xx_HAL_Driver/Src/stm32l4xx_hal_uart.o
                0x0000000008004e4c                UART_Start_Receive_DMA
 .text.UART_EndTxTransfer
                0x0000000008004f24       0x2a ./Drivers/STM32L4xx_HAL_Driver/Src/stm32l4xx_hal_uart.o
 .text.UART_EndRxTransfer
                0x0000000008004f4e       0x5e ./Drivers/STM32L4xx_HAL_Driver/Src/stm32l4xx_hal_uart.o
 .text.UART_DMAReceiveCplt
                0x0000000008004fac       0x98 ./Drivers/STM32L4xx_HAL_Driver/Src/stm32l4xx_hal_uart.o
 .text.UART_DMARxHalfCplt
                0x0000000008005044       0x38 ./Drivers/STM32L4xx_HAL_Driver/Src/stm32l4xx_hal_uart.o
 .text.UART_DMAError
                0x000000000800507c       0x7c ./Drivers/STM32L4xx_HAL_Driver/Src/stm32l4xx_hal_uart.o
 .text.UART_DMAAbortOnError
                0x00000000080050f8       0x2c ./Drivers/STM32L4xx_HAL_Driver/Src/stm32l4xx_hal_uart.o
 .text.UART_EndTransmit_IT
                0x0000000008005124       0x32 ./Drivers/STM32L4xx_HAL_Driver/Src/stm32l4xx_hal_uart.o
 .text.HAL_UARTEx_WakeupCallback
                0x0000000008005156       0x14 ./Drivers/STM32L4xx_HAL_Driver/Src/stm32l4xx_hal_uart_ex.o
                0x0000000008005156                HAL_UARTEx_WakeupCallback
 .text.disable_interrupts
                0x000000000800516a       0x12 ./Src/acc_hal_integration_stm32cube_sparkfun_a111.o
 .text.enable_interrupts
                0x000000000800517c       0x18 ./Src/acc_hal_integration_stm32cube_sparkfun_a111.o
 .text.HAL_SPI_TxRxCpltCallback
                0x0000000008005194       0x20 ./Src/acc_hal_integration_stm32cube_sparkfun_a111.o
                0x0000000008005194                HAL_SPI_TxRxCpltCallback
 .text.acc_hal_integration_sensor_transfer
                0x00000000080051b4       0x9c ./Src/acc_hal_integration_stm32cube_sparkfun_a111.o
 .text.acc_hal_integration_sensor_power_on
                0x0000000008005250       0x30 ./Src/acc_hal_integration_stm32cube_sparkfun_a111.o
 .text.acc_hal_integration_sensor_power_off
                0x0000000008005280       0x30 ./Src/acc_hal_integration_stm32cube_sparkfun_a111.o
 .text.acc_hal_integration_wait_for_sensor_interrupt
                0x00000000080052b0       0x70 ./Src/acc_hal_integration_stm32cube_sparkfun_a111.o
 .text.acc_hal_integration_get_reference_frequency
                0x0000000008005320       0x1c ./Src/acc_hal_integration_stm32cube_sparkfun_a111.o
 .text.acc_hal_integration_get_implementation
                0x000000000800533c       0x14 ./Src/acc_hal_integration_stm32cube_sparkfun_a111.o
                0x000000000800533c                acc_hal_integration_get_implementation
 .text.acc_integration_log
                0x0000000008005350      0x138 ./Src/acc_integration_log.o
                0x0000000008005350                acc_integration_log
 .text.USART_Handle_RTO
                0x0000000008005488       0x5c ./Src/acc_integration_stm32.o
 .text.HAL_UART_ErrorCallback
                0x00000000080054e4       0x54 ./Src/acc_integration_stm32.o
                0x00000000080054e4                HAL_UART_ErrorCallback
 .text.HAL_UART_TxCpltCallback
                0x0000000008005538       0x20 ./Src/acc_integration_stm32.o
                0x0000000008005538                HAL_UART_TxCpltCallback
 .text.acc_integration_get_time
                0x0000000008005558        0xe ./Src/acc_integration_stm32.o
                0x0000000008005558                acc_integration_get_time
 *fill*         0x0000000008005566        0x2 
 .text.HAL_GPIO_EXTI_Callback
                0x0000000008005568       0x2c ./Src/acc_ms_system_stm32cube.o
                0x0000000008005568                HAL_GPIO_EXTI_Callback
 .text.update_configuration
                0x0000000008005594       0x34 ./Src/main.o
 .text.print_data
                0x00000000080055c8       0x90 ./Src/main.o
 .text.main     0x0000000008005658      0x288 ./Src/main.o
                0x0000000008005658                main
 .text.SystemClock_Config
                0x00000000080058e0       0xa2 ./Src/main.o
                0x00000000080058e0                SystemClock_Config
 *fill*         0x0000000008005982        0x2 
 .text.MX_SPI1_Init
                0x0000000008005984       0x7c ./Src/main.o
 .text.MX_USART2_UART_Init
                0x0000000008005a00       0x68 ./Src/main.o
 .text.MX_USART3_UART_Init
                0x0000000008005a68       0x60 ./Src/main.o
 .text.MX_DMA_Init
                0x0000000008005ac8       0x6c ./Src/main.o
 .text.MX_GPIO_Init
                0x0000000008005b34      0x124 ./Src/main.o
 .text.Error_Handler
                0x0000000008005c58        0xe ./Src/main.o
                0x0000000008005c58                Error_Handler
 *fill*         0x0000000008005c66        0x2 
 .text.HAL_MspInit
                0x0000000008005c68       0x48 ./Src/stm32l4xx_hal_msp.o
                0x0000000008005c68                HAL_MspInit
 .text.HAL_SPI_MspInit
                0x0000000008005cb0      0x14c ./Src/stm32l4xx_hal_msp.o
                0x0000000008005cb0                HAL_SPI_MspInit
 .text.HAL_UART_MspInit
                0x0000000008005dfc      0x20c ./Src/stm32l4xx_hal_msp.o
                0x0000000008005dfc                HAL_UART_MspInit
 .text.NMI_Handler
                0x0000000008006008        0xe ./Src/stm32l4xx_it.o
                0x0000000008006008                NMI_Handler
 .text.HardFault_Handler
                0x0000000008006016        0x6 ./Src/stm32l4xx_it.o
                0x0000000008006016                HardFault_Handler
 .text.MemManage_Handler
                0x000000000800601c        0x6 ./Src/stm32l4xx_it.o
                0x000000000800601c                MemManage_Handler
 .text.BusFault_Handler
                0x0000000008006022        0x6 ./Src/stm32l4xx_it.o
                0x0000000008006022                BusFault_Handler
 .text.UsageFault_Handler
                0x0000000008006028        0x6 ./Src/stm32l4xx_it.o
                0x0000000008006028                UsageFault_Handler
 .text.SVC_Handler
                0x000000000800602e        0xe ./Src/stm32l4xx_it.o
                0x000000000800602e                SVC_Handler
 .text.DebugMon_Handler
                0x000000000800603c        0xe ./Src/stm32l4xx_it.o
                0x000000000800603c                DebugMon_Handler
 .text.PendSV_Handler
                0x000000000800604a        0xe ./Src/stm32l4xx_it.o
                0x000000000800604a                PendSV_Handler
 .text.SysTick_Handler
                0x0000000008006058        0xc ./Src/stm32l4xx_it.o
                0x0000000008006058                SysTick_Handler
 .text.DMA1_Channel2_IRQHandler
                0x0000000008006064       0x14 ./Src/stm32l4xx_it.o
                0x0000000008006064                DMA1_Channel2_IRQHandler
 .text.DMA1_Channel3_IRQHandler
                0x0000000008006078       0x14 ./Src/stm32l4xx_it.o
                0x0000000008006078                DMA1_Channel3_IRQHandler
 .text.DMA1_Channel6_IRQHandler
                0x000000000800608c       0x14 ./Src/stm32l4xx_it.o
                0x000000000800608c                DMA1_Channel6_IRQHandler
 .text.DMA1_Channel7_IRQHandler
                0x00000000080060a0       0x14 ./Src/stm32l4xx_it.o
                0x00000000080060a0                DMA1_Channel7_IRQHandler
 .text.EXTI9_5_IRQHandler
                0x00000000080060b4       0x10 ./Src/stm32l4xx_it.o
                0x00000000080060b4                EXTI9_5_IRQHandler
 .text.SPI1_IRQHandler
                0x00000000080060c4       0x14 ./Src/stm32l4xx_it.o
                0x00000000080060c4                SPI1_IRQHandler
 .text.USART2_IRQHandler
                0x00000000080060d8       0x14 ./Src/stm32l4xx_it.o
                0x00000000080060d8                USART2_IRQHandler
 .text._fstat   0x00000000080060ec       0x20 ./Src/syscalls.o
                0x00000000080060ec                _fstat
 .text._close   0x000000000800610c       0x18 ./Src/syscalls.o
                0x000000000800610c                _close
 .text._getpid  0x0000000008006124       0x10 ./Src/syscalls.o
                0x0000000008006124                _getpid
 .text._isatty  0x0000000008006134       0x16 ./Src/syscalls.o
                0x0000000008006134                _isatty
 .text._lseek   0x000000000800614a       0x1a ./Src/syscalls.o
                0x000000000800614a                _lseek
 .text._kill    0x0000000008006164       0x20 ./Src/syscalls.o
                0x0000000008006164                _kill
 .text._read    0x0000000008006184       0x1c ./Src/syscalls.o
                0x0000000008006184                _read
 .text._write   0x00000000080061a0       0x2c ./Src/syscalls.o
                0x00000000080061a0                _write
 .text._sbrk    0x00000000080061cc       0x6c ./Src/sysmem.o
                0x00000000080061cc                _sbrk
 .text.SystemInit
                0x0000000008006238       0x64 ./Src/system_stm32l4xx.o
                0x0000000008006238                SystemInit
 .text.Reset_Handler
                0x000000000800629c       0x50 ./Startup/startup_stm32l476rgtx.o
                0x000000000800629c                Reset_Handler
 .text.Default_Handler
                0x00000000080062ec        0x2 ./Startup/startup_stm32l476rgtx.o
                0x00000000080062ec                RTC_Alarm_IRQHandler
                0x00000000080062ec                EXTI2_IRQHandler
                0x00000000080062ec                TIM8_TRG_COM_IRQHandler
                0x00000000080062ec                TIM8_CC_IRQHandler
                0x00000000080062ec                TIM1_CC_IRQHandler
                0x00000000080062ec                TSC_IRQHandler
                0x00000000080062ec                TAMP_STAMP_IRQHandler
                0x00000000080062ec                EXTI3_IRQHandler
                0x00000000080062ec                LPTIM2_IRQHandler
                0x00000000080062ec                DFSDM1_FLT1_IRQHandler
                0x00000000080062ec                I2C3_ER_IRQHandler
                0x00000000080062ec                DFSDM1_FLT2_IRQHandler
                0x00000000080062ec                EXTI0_IRQHandler
                0x00000000080062ec                I2C2_EV_IRQHandler
                0x00000000080062ec                CAN1_RX0_IRQHandler
                0x00000000080062ec                FPU_IRQHandler
                0x00000000080062ec                TIM1_UP_TIM16_IRQHandler
                0x00000000080062ec                ADC1_2_IRQHandler
                0x00000000080062ec                TIM6_DAC_IRQHandler
                0x00000000080062ec                TIM8_UP_IRQHandler
                0x00000000080062ec                DMA2_Channel2_IRQHandler
                0x00000000080062ec                DMA1_Channel4_IRQHandler
                0x00000000080062ec                SAI2_IRQHandler
                0x00000000080062ec                DFSDM1_FLT3_IRQHandler
                0x00000000080062ec                USART3_IRQHandler
                0x00000000080062ec                CAN1_RX1_IRQHandler
                0x00000000080062ec                LCD_IRQHandler
                0x00000000080062ec                UART5_IRQHandler
                0x00000000080062ec                ADC3_IRQHandler
                0x00000000080062ec                TIM4_IRQHandler
                0x00000000080062ec                DMA2_Channel1_IRQHandler
                0x00000000080062ec                QUADSPI_IRQHandler
                0x00000000080062ec                I2C1_EV_IRQHandler
                0x00000000080062ec                UART4_IRQHandler
                0x00000000080062ec                DMA2_Channel4_IRQHandler
                0x00000000080062ec                TIM3_IRQHandler
                0x00000000080062ec                RCC_IRQHandler
                0x00000000080062ec                DMA1_Channel1_IRQHandler
                0x00000000080062ec                Default_Handler
                0x00000000080062ec                DMA2_Channel7_IRQHandler
                0x00000000080062ec                EXTI15_10_IRQHandler
                0x00000000080062ec                TIM7_IRQHandler
                0x00000000080062ec                SDMMC1_IRQHandler
                0x00000000080062ec                TIM5_IRQHandler
                0x00000000080062ec                I2C3_EV_IRQHandler
                0x00000000080062ec                RTC_WKUP_IRQHandler
                0x00000000080062ec                PVD_PVM_IRQHandler
                0x00000000080062ec                SPI2_IRQHandler
                0x00000000080062ec                CAN1_TX_IRQHandler
                0x00000000080062ec                DMA2_Channel5_IRQHandler
                0x00000000080062ec                DMA1_Channel5_IRQHandler
                0x00000000080062ec                EXTI4_IRQHandler
                0x00000000080062ec                RNG_IRQHandler
                0x00000000080062ec                TIM1_TRG_COM_TIM17_IRQHandler
                0x00000000080062ec                COMP_IRQHandler
                0x00000000080062ec                WWDG_IRQHandler
                0x00000000080062ec                LPUART1_IRQHandler
                0x00000000080062ec                DMA2_Channel6_IRQHandler
                0x00000000080062ec                TIM2_IRQHandler
                0x00000000080062ec                EXTI1_IRQHandler
                0x00000000080062ec                DFSDM1_FLT0_IRQHandler
                0x00000000080062ec                I2C2_ER_IRQHandler
                0x00000000080062ec                TIM8_BRK_IRQHandler
                0x00000000080062ec                CAN1_SCE_IRQHandler
                0x00000000080062ec                FLASH_IRQHandler
                0x00000000080062ec                USART1_IRQHandler
                0x00000000080062ec                OTG_FS_IRQHandler
                0x00000000080062ec                SPI3_IRQHandler
                0x00000000080062ec                I2C1_ER_IRQHandler
                0x00000000080062ec                FMC_IRQHandler
                0x00000000080062ec                SWPMI1_IRQHandler
                0x00000000080062ec                LPTIM1_IRQHandler
                0x00000000080062ec                SAI1_IRQHandler
                0x00000000080062ec                DMA2_Channel3_IRQHandler
                0x00000000080062ec                TIM1_BRK_TIM15_IRQHandler
 *fill*         0x00000000080062ee        0x2 
 .text.acc_rss_activate
                0x00000000080062f0       0x7c C:\Users\Nicolai\Documents\NMBU\TEL320\Project\stm32l476_module_software\cortex_m4\rss\lib\libacconeer.a(acc_rss.o)
                0x00000000080062f0                acc_rss_activate
 .text.acc_rss_deactivate
                0x000000000800636c       0x40 C:\Users\Nicolai\Documents\NMBU\TEL320\Project\stm32l476_module_software\cortex_m4\rss\lib\libacconeer.a(acc_rss.o)
                0x000000000800636c                acc_rss_deactivate
 .text.acc_service_get_base_configuration
                0x00000000080063ac       0x30 C:\Users\Nicolai\Documents\NMBU\TEL320\Project\stm32l476_module_software\cortex_m4\rss\lib\libacconeer.a(acc_service.o)
                0x00000000080063ac                acc_service_get_base_configuration
 .text.set_maximize_signal_attenuation
                0x00000000080063dc       0x3c C:\Users\Nicolai\Documents\NMBU\TEL320\Project\stm32l476_module_software\cortex_m4\rss\lib\libacconeer.a(acc_service.o)
 .text.acc_service_requested_start_set
                0x0000000008006418       0x1c C:\Users\Nicolai\Documents\NMBU\TEL320\Project\stm32l476_module_software\cortex_m4\rss\lib\libacconeer.a(acc_service.o)
                0x0000000008006418                acc_service_requested_start_set
 .text.acc_service_requested_length_set
                0x0000000008006434       0x1c C:\Users\Nicolai\Documents\NMBU\TEL320\Project\stm32l476_module_software\cortex_m4\rss\lib\libacconeer.a(acc_service.o)
                0x0000000008006434                acc_service_requested_length_set
 .text.acc_service_pipeline_destroy
                0x0000000008006450       0x14 C:\Users\Nicolai\Documents\NMBU\TEL320\Project\stm32l476_module_software\cortex_m4\rss\lib\libacconeer.a(acc_service.o)
                0x0000000008006450                acc_service_pipeline_destroy
 .text.acc_service_send_data
                0x0000000008006464       0x3c C:\Users\Nicolai\Documents\NMBU\TEL320\Project\stm32l476_module_software\cortex_m4\rss\lib\libacconeer.a(acc_service.o)
                0x0000000008006464                acc_service_send_data
 .text.acc_service_set_module_active
                0x00000000080064a0        0xc C:\Users\Nicolai\Documents\NMBU\TEL320\Project\stm32l476_module_software\cortex_m4\rss\lib\libacconeer.a(acc_service.o)
                0x00000000080064a0                acc_service_set_module_active
 .text.acc_service_handle_valid
                0x00000000080064ac       0x30 C:\Users\Nicolai\Documents\NMBU\TEL320\Project\stm32l476_module_software\cortex_m4\rss\lib\libacconeer.a(acc_service.o)
                0x00000000080064ac                acc_service_handle_valid
 .text.acc_service_activate
                0x00000000080064dc       0x84 C:\Users\Nicolai\Documents\NMBU\TEL320\Project\stm32l476_module_software\cortex_m4\rss\lib\libacconeer.a(acc_service.o)
                0x00000000080064dc                acc_service_activate
 .text.acc_service_deactivate
                0x0000000008006560       0x7c C:\Users\Nicolai\Documents\NMBU\TEL320\Project\stm32l476_module_software\cortex_m4\rss\lib\libacconeer.a(acc_service.o)
                0x0000000008006560                acc_service_deactivate
 .text.acc_service_get_next
                0x00000000080065dc       0xd8 C:\Users\Nicolai\Documents\NMBU\TEL320\Project\stm32l476_module_software\cortex_m4\rss\lib\libacconeer.a(acc_service.o)
                0x00000000080065dc                acc_service_get_next
 .text.acc_service_configuration_valid
                0x00000000080066b4       0x3c C:\Users\Nicolai\Documents\NMBU\TEL320\Project\stm32l476_module_software\cortex_m4\rss\lib\libacconeer.a(acc_service.o)
                0x00000000080066b4                acc_service_configuration_valid
 .text.acc_service_configuration_check
                0x00000000080066f0       0x30 C:\Users\Nicolai\Documents\NMBU\TEL320\Project\stm32l476_module_software\cortex_m4\rss\lib\libacconeer.a(acc_service.o)
                0x00000000080066f0                acc_service_configuration_check
 .text.acc_service_profile_set
                0x0000000008006720       0x44 C:\Users\Nicolai\Documents\NMBU\TEL320\Project\stm32l476_module_software\cortex_m4\rss\lib\libacconeer.a(acc_service.o)
                0x0000000008006720                acc_service_profile_set
 .text.acc_service_maximize_signal_attenuation_set
                0x0000000008006764       0x30 C:\Users\Nicolai\Documents\NMBU\TEL320\Project\stm32l476_module_software\cortex_m4\rss\lib\libacconeer.a(acc_service.o)
                0x0000000008006764                acc_service_maximize_signal_attenuation_set
 .text.acc_service_initialize_service_configuration
                0x0000000008006794       0x30 C:\Users\Nicolai\Documents\NMBU\TEL320\Project\stm32l476_module_software\cortex_m4\rss\lib\libacconeer.a(acc_service.o)
                0x0000000008006794                acc_service_initialize_service_configuration
 .text.envelope_send_data
                0x00000000080067c4       0x38 C:\Users\Nicolai\Documents\NMBU\TEL320\Project\stm32l476_module_software\cortex_m4\rss\lib\libacconeer.a(acc_service_envelope.o)
 .text.envelope_create_service
                0x00000000080067fc       0xdc C:\Users\Nicolai\Documents\NMBU\TEL320\Project\stm32l476_module_software\cortex_m4\rss\lib\libacconeer.a(acc_service_envelope.o)
 .text.get_and_validate_envelope_configuration
                0x00000000080068d8       0x34 C:\Users\Nicolai\Documents\NMBU\TEL320\Project\stm32l476_module_software\cortex_m4\rss\lib\libacconeer.a(acc_service_envelope.o)
 .text.set_configuration_for_profile
                0x000000000800690c       0x98 C:\Users\Nicolai\Documents\NMBU\TEL320\Project\stm32l476_module_software\cortex_m4\rss\lib\libacconeer.a(acc_service_envelope.o)
 .text.acc_service_envelope_configuration_create
                0x00000000080069a4      0x11c C:\Users\Nicolai\Documents\NMBU\TEL320\Project\stm32l476_module_software\cortex_m4\rss\lib\libacconeer.a(acc_service_envelope.o)
                0x00000000080069a4                acc_service_envelope_configuration_create
 .text.acc_service_envelope_configuration_destroy
                0x0000000008006ac0       0x24 C:\Users\Nicolai\Documents\NMBU\TEL320\Project\stm32l476_module_software\cortex_m4\rss\lib\libacconeer.a(acc_service_envelope.o)
                0x0000000008006ac0                acc_service_envelope_configuration_destroy
 .text.acc_service_envelope_get_metadata
                0x0000000008006ae4       0x44 C:\Users\Nicolai\Documents\NMBU\TEL320\Project\stm32l476_module_software\cortex_m4\rss\lib\libacconeer.a(acc_service_envelope.o)
                0x0000000008006ae4                acc_service_envelope_get_metadata
 .text.acc_service_envelope_get_next
                0x0000000008006b28       0x30 C:\Users\Nicolai\Documents\NMBU\TEL320\Project\stm32l476_module_software\cortex_m4\rss\lib\libacconeer.a(acc_service_envelope.o)
                0x0000000008006b28                acc_service_envelope_get_next
 .text.destroy_handle
                0x0000000008006b58       0x70 C:\Users\Nicolai\Documents\NMBU\TEL320\Project\stm32l476_module_software\cortex_m4\rss\lib\libacconeer.a(acc_service_manager.o)
 .text.acc_service_manager_activate
                0x0000000008006bc8       0x1c C:\Users\Nicolai\Documents\NMBU\TEL320\Project\stm32l476_module_software\cortex_m4\rss\lib\libacconeer.a(acc_service_manager.o)
                0x0000000008006bc8                acc_service_manager_activate
 .text.acc_service_create
                0x0000000008006be4       0xe8 C:\Users\Nicolai\Documents\NMBU\TEL320\Project\stm32l476_module_software\cortex_m4\rss\lib\libacconeer.a(acc_service_manager.o)
                0x0000000008006be4                acc_service_create
 .text.acc_service_destroy
                0x0000000008006ccc       0x58 C:\Users\Nicolai\Documents\NMBU\TEL320\Project\stm32l476_module_software\cortex_m4\rss\lib\libacconeer.a(acc_service_manager.o)
                0x0000000008006ccc                acc_service_destroy
 .text.acc_service_manager_deactivate
                0x0000000008006d24       0x4c C:\Users\Nicolai\Documents\NMBU\TEL320\Project\stm32l476_module_software\cortex_m4\rss\lib\libacconeer.a(acc_service_manager.o)
                0x0000000008006d24                acc_service_manager_deactivate
 .text.configuration_is_valid
                0x0000000008006d70       0x2c C:\Users\Nicolai\Documents\NMBU\TEL320\Project\stm32l476_module_software\cortex_m4\rss\lib\libacconeer.a(acc_base_configuration.o)
 .text.acc_base_configuration_sensor_get
                0x0000000008006d9c       0x10 C:\Users\Nicolai\Documents\NMBU\TEL320\Project\stm32l476_module_software\cortex_m4\rss\lib\libacconeer.a(acc_base_configuration.o)
                0x0000000008006d9c                acc_base_configuration_sensor_get
 .text.acc_base_configuration_sensor_set
                0x0000000008006dac       0x10 C:\Users\Nicolai\Documents\NMBU\TEL320\Project\stm32l476_module_software\cortex_m4\rss\lib\libacconeer.a(acc_base_configuration.o)
                0x0000000008006dac                acc_base_configuration_sensor_set
 .text.acc_base_configuration_requested_start_get
                0x0000000008006dbc       0x1c C:\Users\Nicolai\Documents\NMBU\TEL320\Project\stm32l476_module_software\cortex_m4\rss\lib\libacconeer.a(acc_base_configuration.o)
                0x0000000008006dbc                acc_base_configuration_requested_start_get
 .text.acc_base_configuration_requested_start_set
                0x0000000008006dd8       0x1c C:\Users\Nicolai\Documents\NMBU\TEL320\Project\stm32l476_module_software\cortex_m4\rss\lib\libacconeer.a(acc_base_configuration.o)
                0x0000000008006dd8                acc_base_configuration_requested_start_set
 .text.acc_base_configuration_requested_length_get
                0x0000000008006df4       0x1c C:\Users\Nicolai\Documents\NMBU\TEL320\Project\stm32l476_module_software\cortex_m4\rss\lib\libacconeer.a(acc_base_configuration.o)
                0x0000000008006df4                acc_base_configuration_requested_length_get
 .text.acc_base_configuration_requested_length_set
                0x0000000008006e10       0x1c C:\Users\Nicolai\Documents\NMBU\TEL320\Project\stm32l476_module_software\cortex_m4\rss\lib\libacconeer.a(acc_base_configuration.o)
                0x0000000008006e10                acc_base_configuration_requested_length_set
 .text.acc_base_configuration_repetition_mode_on_demand_set
                0x0000000008006e2c       0x10 C:\Users\Nicolai\Documents\NMBU\TEL320\Project\stm32l476_module_software\cortex_m4\rss\lib\libacconeer.a(acc_base_configuration.o)
                0x0000000008006e2c                acc_base_configuration_repetition_mode_on_demand_set
 .text.acc_base_configuration_power_save_mode_get
                0x0000000008006e3c       0x10 C:\Users\Nicolai\Documents\NMBU\TEL320\Project\stm32l476_module_software\cortex_m4\rss\lib\libacconeer.a(acc_base_configuration.o)
                0x0000000008006e3c                acc_base_configuration_power_save_mode_get
 .text.acc_base_configuration_power_save_mode_set
                0x0000000008006e4c       0x10 C:\Users\Nicolai\Documents\NMBU\TEL320\Project\stm32l476_module_software\cortex_m4\rss\lib\libacconeer.a(acc_base_configuration.o)
                0x0000000008006e4c                acc_base_configuration_power_save_mode_set
 .text.acc_base_configuration_tx_disable_get
                0x0000000008006e5c       0x14 C:\Users\Nicolai\Documents\NMBU\TEL320\Project\stm32l476_module_software\cortex_m4\rss\lib\libacconeer.a(acc_base_configuration.o)
                0x0000000008006e5c                acc_base_configuration_tx_disable_get
 .text.acc_base_configuration_tx_disable_set
                0x0000000008006e70       0x14 C:\Users\Nicolai\Documents\NMBU\TEL320\Project\stm32l476_module_software\cortex_m4\rss\lib\libacconeer.a(acc_base_configuration.o)
                0x0000000008006e70                acc_base_configuration_tx_disable_set
 .text.acc_base_configuration_decrease_tx_emission_get
                0x0000000008006e84       0x14 C:\Users\Nicolai\Documents\NMBU\TEL320\Project\stm32l476_module_software\cortex_m4\rss\lib\libacconeer.a(acc_base_configuration.o)
                0x0000000008006e84                acc_base_configuration_decrease_tx_emission_get
 .text.acc_base_configuration_decrease_tx_emission_set
                0x0000000008006e98       0x14 C:\Users\Nicolai\Documents\NMBU\TEL320\Project\stm32l476_module_software\cortex_m4\rss\lib\libacconeer.a(acc_base_configuration.o)
                0x0000000008006e98                acc_base_configuration_decrease_tx_emission_set
 .text.acc_base_configuration_hw_accelerated_average_samples_get
                0x0000000008006eac       0x14 C:\Users\Nicolai\Documents\NMBU\TEL320\Project\stm32l476_module_software\cortex_m4\rss\lib\libacconeer.a(acc_base_configuration.o)
                0x0000000008006eac                acc_base_configuration_hw_accelerated_average_samples_get
 .text.acc_base_configuration_hw_accelerated_average_samples_set
                0x0000000008006ec0       0x10 C:\Users\Nicolai\Documents\NMBU\TEL320\Project\stm32l476_module_software\cortex_m4\rss\lib\libacconeer.a(acc_base_configuration.o)
                0x0000000008006ec0                acc_base_configuration_hw_accelerated_average_samples_set
 .text.acc_base_configuration_radar_engine_creation_set
                0x0000000008006ed0       0x10 C:\Users\Nicolai\Documents\NMBU\TEL320\Project\stm32l476_module_software\cortex_m4\rss\lib\libacconeer.a(acc_base_configuration.o)
                0x0000000008006ed0                acc_base_configuration_radar_engine_creation_set
 .text.acc_base_configuration_phase_compensation_alpha_get
                0x0000000008006ee0       0x1c C:\Users\Nicolai\Documents\NMBU\TEL320\Project\stm32l476_module_software\cortex_m4\rss\lib\libacconeer.a(acc_base_configuration.o)
                0x0000000008006ee0                acc_base_configuration_phase_compensation_alpha_get
 .text.acc_base_configuration_phase_compensation_alpha_set
                0x0000000008006efc       0x1c C:\Users\Nicolai\Documents\NMBU\TEL320\Project\stm32l476_module_software\cortex_m4\rss\lib\libacconeer.a(acc_base_configuration.o)
                0x0000000008006efc                acc_base_configuration_phase_compensation_alpha_set
 .text.acc_base_configuration_time_domain_low_pass_filter_alpha_get
                0x0000000008006f18       0x18 C:\Users\Nicolai\Documents\NMBU\TEL320\Project\stm32l476_module_software\cortex_m4\rss\lib\libacconeer.a(acc_base_configuration.o)
                0x0000000008006f18                acc_base_configuration_time_domain_low_pass_filter_alpha_get
 .text.acc_base_configuration_time_domain_low_pass_filter_alpha_set
                0x0000000008006f30       0x20 C:\Users\Nicolai\Documents\NMBU\TEL320\Project\stm32l476_module_software\cortex_m4\rss\lib\libacconeer.a(acc_base_configuration.o)
                0x0000000008006f30                acc_base_configuration_time_domain_low_pass_filter_alpha_set
 .text.acc_base_configuration_filter_demodulated_data_get
                0x0000000008006f50       0x10 C:\Users\Nicolai\Documents\NMBU\TEL320\Project\stm32l476_module_software\cortex_m4\rss\lib\libacconeer.a(acc_base_configuration.o)
                0x0000000008006f50                acc_base_configuration_filter_demodulated_data_get
 .text.acc_base_configuration_filter_demodulated_data_set
                0x0000000008006f60       0x10 C:\Users\Nicolai\Documents\NMBU\TEL320\Project\stm32l476_module_software\cortex_m4\rss\lib\libacconeer.a(acc_base_configuration.o)
                0x0000000008006f60                acc_base_configuration_filter_demodulated_data_set
 .text.acc_base_configuration_demodulation_filter_cutoff_freq_ratio_get
                0x0000000008006f70       0x1c C:\Users\Nicolai\Documents\NMBU\TEL320\Project\stm32l476_module_software\cortex_m4\rss\lib\libacconeer.a(acc_base_configuration.o)
                0x0000000008006f70                acc_base_configuration_demodulation_filter_cutoff_freq_ratio_get
 .text.acc_base_configuration_demodulation_filter_cutoff_freq_ratio_set
                0x0000000008006f8c       0x1c C:\Users\Nicolai\Documents\NMBU\TEL320\Project\stm32l476_module_software\cortex_m4\rss\lib\libacconeer.a(acc_base_configuration.o)
                0x0000000008006f8c                acc_base_configuration_demodulation_filter_cutoff_freq_ratio_set
 .text.acc_base_configuration_point_start_get
                0x0000000008006fa8       0x14 C:\Users\Nicolai\Documents\NMBU\TEL320\Project\stm32l476_module_software\cortex_m4\rss\lib\libacconeer.a(acc_base_configuration.o)
                0x0000000008006fa8                acc_base_configuration_point_start_get
 .text.acc_base_configuration_point_length_get
                0x0000000008006fbc       0x14 C:\Users\Nicolai\Documents\NMBU\TEL320\Project\stm32l476_module_software\cortex_m4\rss\lib\libacconeer.a(acc_base_configuration.o)
                0x0000000008006fbc                acc_base_configuration_point_length_get
 .text.acc_base_configuration_repetition_mode_get
                0x0000000008006fd0       0x10 C:\Users\Nicolai\Documents\NMBU\TEL320\Project\stm32l476_module_software\cortex_m4\rss\lib\libacconeer.a(acc_base_configuration.o)
                0x0000000008006fd0                acc_base_configuration_repetition_mode_get
 .text.acc_base_configuration_update_rate_get
                0x0000000008006fe0       0x30 C:\Users\Nicolai\Documents\NMBU\TEL320\Project\stm32l476_module_software\cortex_m4\rss\lib\libacconeer.a(acc_base_configuration.o)
                0x0000000008006fe0                acc_base_configuration_update_rate_get
 .text.acc_base_configuration_gain_get
                0x0000000008007010       0x10 C:\Users\Nicolai\Documents\NMBU\TEL320\Project\stm32l476_module_software\cortex_m4\rss\lib\libacconeer.a(acc_base_configuration.o)
                0x0000000008007010                acc_base_configuration_gain_get
 .text.acc_base_configuration_gain_set
                0x0000000008007020       0x10 C:\Users\Nicolai\Documents\NMBU\TEL320\Project\stm32l476_module_software\cortex_m4\rss\lib\libacconeer.a(acc_base_configuration.o)
                0x0000000008007020                acc_base_configuration_gain_set
 .text.acc_base_configuration_integrator_get
                0x0000000008007030       0x14 C:\Users\Nicolai\Documents\NMBU\TEL320\Project\stm32l476_module_software\cortex_m4\rss\lib\libacconeer.a(acc_base_configuration.o)
                0x0000000008007030                acc_base_configuration_integrator_get
 .text.acc_base_configuration_integrator_set
                0x0000000008007044       0x14 C:\Users\Nicolai\Documents\NMBU\TEL320\Project\stm32l476_module_software\cortex_m4\rss\lib\libacconeer.a(acc_base_configuration.o)
                0x0000000008007044                acc_base_configuration_integrator_set
 .text.acc_base_configuration_wg_duration_get
                0x0000000008007058       0x14 C:\Users\Nicolai\Documents\NMBU\TEL320\Project\stm32l476_module_software\cortex_m4\rss\lib\libacconeer.a(acc_base_configuration.o)
                0x0000000008007058                acc_base_configuration_wg_duration_get
 .text.acc_base_configuration_wg_duration_set
                0x000000000800706c       0x14 C:\Users\Nicolai\Documents\NMBU\TEL320\Project\stm32l476_module_software\cortex_m4\rss\lib\libacconeer.a(acc_base_configuration.o)
                0x000000000800706c                acc_base_configuration_wg_duration_set
 .text.acc_base_configuration_integrator_ramp_up_get
                0x0000000008007080       0x14 C:\Users\Nicolai\Documents\NMBU\TEL320\Project\stm32l476_module_software\cortex_m4\rss\lib\libacconeer.a(acc_base_configuration.o)
                0x0000000008007080                acc_base_configuration_integrator_ramp_up_get
 .text.acc_base_configuration_integrator_ramp_up_set
                0x0000000008007094       0x14 C:\Users\Nicolai\Documents\NMBU\TEL320\Project\stm32l476_module_software\cortex_m4\rss\lib\libacconeer.a(acc_base_configuration.o)
                0x0000000008007094                acc_base_configuration_integrator_ramp_up_set
 .text.acc_base_configuration_sampling_mode_get
                0x00000000080070a8       0x14 C:\Users\Nicolai\Documents\NMBU\TEL320\Project\stm32l476_module_software\cortex_m4\rss\lib\libacconeer.a(acc_base_configuration.o)
                0x00000000080070a8                acc_base_configuration_sampling_mode_get
 .text.acc_base_configuration_sweep_type_debug_set
                0x00000000080070bc       0x14 C:\Users\Nicolai\Documents\NMBU\TEL320\Project\stm32l476_module_software\cortex_m4\rss\lib\libacconeer.a(acc_base_configuration.o)
                0x00000000080070bc                acc_base_configuration_sweep_type_debug_set
 .text.acc_base_configuration_sweep_type_debug_get
                0x00000000080070d0       0x14 C:\Users\Nicolai\Documents\NMBU\TEL320\Project\stm32l476_module_software\cortex_m4\rss\lib\libacconeer.a(acc_base_configuration.o)
                0x00000000080070d0                acc_base_configuration_sweep_type_debug_get
 .text.acc_base_configuration_use_point_range_set
                0x00000000080070e4       0x14 C:\Users\Nicolai\Documents\NMBU\TEL320\Project\stm32l476_module_software\cortex_m4\rss\lib\libacconeer.a(acc_base_configuration.o)
                0x00000000080070e4                acc_base_configuration_use_point_range_set
 .text.acc_base_configuration_use_point_range_get
                0x00000000080070f8       0x14 C:\Users\Nicolai\Documents\NMBU\TEL320\Project\stm32l476_module_software\cortex_m4\rss\lib\libacconeer.a(acc_base_configuration.o)
                0x00000000080070f8                acc_base_configuration_use_point_range_get
 .text.acc_base_configuration_use_fast_dll_refresh_routine_set
                0x000000000800710c       0x14 C:\Users\Nicolai\Documents\NMBU\TEL320\Project\stm32l476_module_software\cortex_m4\rss\lib\libacconeer.a(acc_base_configuration.o)
                0x000000000800710c                acc_base_configuration_use_fast_dll_refresh_routine_set
 .text.acc_base_configuration_staggered_vga_stabilization_time_set
                0x0000000008007120       0x14 C:\Users\Nicolai\Documents\NMBU\TEL320\Project\stm32l476_module_software\cortex_m4\rss\lib\libacconeer.a(acc_base_configuration.o)
                0x0000000008007120                acc_base_configuration_staggered_vga_stabilization_time_set
 .text.acc_base_configuration_bba_reset_clocksync_perturbation_get
                0x0000000008007134       0x14 C:\Users\Nicolai\Documents\NMBU\TEL320\Project\stm32l476_module_software\cortex_m4\rss\lib\libacconeer.a(acc_base_configuration.o)
                0x0000000008007134                acc_base_configuration_bba_reset_clocksync_perturbation_get
 .text.acc_base_configuration_bba_linear_resync_perturbation_get
                0x0000000008007148       0x14 C:\Users\Nicolai\Documents\NMBU\TEL320\Project\stm32l476_module_software\cortex_m4\rss\lib\libacconeer.a(acc_base_configuration.o)
                0x0000000008007148                acc_base_configuration_bba_linear_resync_perturbation_get
 .text.acc_base_configuration_bba_fast_refresh_disable_get
                0x000000000800715c       0x14 C:\Users\Nicolai\Documents\NMBU\TEL320\Project\stm32l476_module_software\cortex_m4\rss\lib\libacconeer.a(acc_base_configuration.o)
                0x000000000800715c                acc_base_configuration_bba_fast_refresh_disable_get
 .text.acc_base_configuration_ignore_range_limits_get
                0x0000000008007170       0x14 C:\Users\Nicolai\Documents\NMBU\TEL320\Project\stm32l476_module_software\cortex_m4\rss\lib\libacconeer.a(acc_base_configuration.o)
                0x0000000008007170                acc_base_configuration_ignore_range_limits_get
 .text.acc_base_configuration_sparse_sweeps_per_frame_get
                0x0000000008007184       0x14 C:\Users\Nicolai\Documents\NMBU\TEL320\Project\stm32l476_module_software\cortex_m4\rss\lib\libacconeer.a(acc_base_configuration.o)
                0x0000000008007184                acc_base_configuration_sparse_sweeps_per_frame_get
 .text.acc_base_configuration_downsampling_factor_get
                0x0000000008007198       0x14 C:\Users\Nicolai\Documents\NMBU\TEL320\Project\stm32l476_module_software\cortex_m4\rss\lib\libacconeer.a(acc_base_configuration.o)
                0x0000000008007198                acc_base_configuration_downsampling_factor_get
 .text.acc_base_configuration_downsampling_factor_set
                0x00000000080071ac       0x14 C:\Users\Nicolai\Documents\NMBU\TEL320\Project\stm32l476_module_software\cortex_m4\rss\lib\libacconeer.a(acc_base_configuration.o)
                0x00000000080071ac                acc_base_configuration_downsampling_factor_set
 .text.acc_base_configuration_noise_level_normalization_get
                0x00000000080071c0       0x14 C:\Users\Nicolai\Documents\NMBU\TEL320\Project\stm32l476_module_software\cortex_m4\rss\lib\libacconeer.a(acc_base_configuration.o)
                0x00000000080071c0                acc_base_configuration_noise_level_normalization_get
 .text.acc_base_configuration_noise_level_normalization_set
                0x00000000080071d4       0x14 C:\Users\Nicolai\Documents\NMBU\TEL320\Project\stm32l476_module_software\cortex_m4\rss\lib\libacconeer.a(acc_base_configuration.o)
                0x00000000080071d4                acc_base_configuration_noise_level_normalization_set
 .text.acc_base_configuration_noise_deviation_override_get
                0x00000000080071e8       0x14 C:\Users\Nicolai\Documents\NMBU\TEL320\Project\stm32l476_module_software\cortex_m4\rss\lib\libacconeer.a(acc_base_configuration.o)
                0x00000000080071e8                acc_base_configuration_noise_deviation_override_get
 .text.acc_base_configuration_asynchronous_measurement_get
                0x00000000080071fc       0x14 C:\Users\Nicolai\Documents\NMBU\TEL320\Project\stm32l476_module_software\cortex_m4\rss\lib\libacconeer.a(acc_base_configuration.o)
                0x00000000080071fc                acc_base_configuration_asynchronous_measurement_get
 .text.acc_base_configuration_asynchronous_measurement_set
                0x0000000008007210       0x14 C:\Users\Nicolai\Documents\NMBU\TEL320\Project\stm32l476_module_software\cortex_m4\rss\lib\libacconeer.a(acc_base_configuration.o)
                0x0000000008007210                acc_base_configuration_asynchronous_measurement_set
 .text.acc_base_configuration_min_pipeline_memory_size_get
                0x0000000008007224       0x14 C:\Users\Nicolai\Documents\NMBU\TEL320\Project\stm32l476_module_software\cortex_m4\rss\lib\libacconeer.a(acc_base_configuration.o)
                0x0000000008007224                acc_base_configuration_min_pipeline_memory_size_get
 .text.acc_base_configuration_min_pipeline_memory_size_set
                0x0000000008007238       0x14 C:\Users\Nicolai\Documents\NMBU\TEL320\Project\stm32l476_module_software\cortex_m4\rss\lib\libacconeer.a(acc_base_configuration.o)
                0x0000000008007238                acc_base_configuration_min_pipeline_memory_size_set
 .text.acc_base_configuration_maximize_signal_attenuation_get
                0x000000000800724c       0x14 C:\Users\Nicolai\Documents\NMBU\TEL320\Project\stm32l476_module_software\cortex_m4\rss\lib\libacconeer.a(acc_base_configuration.o)
                0x000000000800724c                acc_base_configuration_maximize_signal_attenuation_get
 .text.acc_base_configuration_maximize_signal_attenuation_set
                0x0000000008007260       0x14 C:\Users\Nicolai\Documents\NMBU\TEL320\Project\stm32l476_module_software\cortex_m4\rss\lib\libacconeer.a(acc_base_configuration.o)
                0x0000000008007260                acc_base_configuration_maximize_signal_attenuation_set
 .text.acc_base_configuration_cca_get
                0x0000000008007274       0x24 C:\Users\Nicolai\Documents\NMBU\TEL320\Project\stm32l476_module_software\cortex_m4\rss\lib\libacconeer.a(acc_base_configuration.o)
                0x0000000008007274                acc_base_configuration_cca_get
 .text.acc_base_configuration_cca_set
                0x0000000008007298       0x20 C:\Users\Nicolai\Documents\NMBU\TEL320\Project\stm32l476_module_software\cortex_m4\rss\lib\libacconeer.a(acc_base_configuration.o)
                0x0000000008007298                acc_base_configuration_cca_set
 .text.acc_base_configuration_mur_set
                0x00000000080072b8       0x14 C:\Users\Nicolai\Documents\NMBU\TEL320\Project\stm32l476_module_software\cortex_m4\rss\lib\libacconeer.a(acc_base_configuration.o)
                0x00000000080072b8                acc_base_configuration_mur_set
 .text.acc_base_configuration_sampling_mode_to_string
                0x00000000080072cc       0x20 C:\Users\Nicolai\Documents\NMBU\TEL320\Project\stm32l476_module_software\cortex_m4\rss\lib\libacconeer.a(acc_base_configuration.o)
                0x00000000080072cc                acc_base_configuration_sampling_mode_to_string
 .text.acc_base_configuration_print
                0x00000000080072ec       0xc0 C:\Users\Nicolai\Documents\NMBU\TEL320\Project\stm32l476_module_software\cortex_m4\rss\lib\libacconeer.a(acc_base_configuration.o)
                0x00000000080072ec                acc_base_configuration_print
 .text.acc_base_configuration_check
                0x00000000080073ac       0xcc C:\Users\Nicolai\Documents\NMBU\TEL320\Project\stm32l476_module_software\cortex_m4\rss\lib\libacconeer.a(acc_base_configuration.o)
                0x00000000080073ac                acc_base_configuration_check
 .text.acc_rss_integration_register
                0x0000000008007478       0x80 C:\Users\Nicolai\Documents\NMBU\TEL320\Project\stm32l476_module_software\cortex_m4\rss\lib\libacconeer.a(acc_rss_integration.o)
                0x0000000008007478                acc_rss_integration_register
 .text.acc_rss_integration_unregister
                0x00000000080074f8       0x10 C:\Users\Nicolai\Documents\NMBU\TEL320\Project\stm32l476_module_software\cortex_m4\rss\lib\libacconeer.a(acc_rss_integration.o)
                0x00000000080074f8                acc_rss_integration_unregister
 .text.acc_rss_integration_get_sensor_count
                0x0000000008007508        0xc C:\Users\Nicolai\Documents\NMBU\TEL320\Project\stm32l476_module_software\cortex_m4\rss\lib\libacconeer.a(acc_rss_integration.o)
                0x0000000008007508                acc_rss_integration_get_sensor_count
 .text.acc_rss_integration_get_sensor_reference_frequency
                0x0000000008007514        0xc C:\Users\Nicolai\Documents\NMBU\TEL320\Project\stm32l476_module_software\cortex_m4\rss\lib\libacconeer.a(acc_rss_integration.o)
                0x0000000008007514                acc_rss_integration_get_sensor_reference_frequency
 .text.acc_rss_integration_get_max_spi_transfer_size
                0x0000000008007520        0xc C:\Users\Nicolai\Documents\NMBU\TEL320\Project\stm32l476_module_software\cortex_m4\rss\lib\libacconeer.a(acc_rss_integration.o)
                0x0000000008007520                acc_rss_integration_get_max_spi_transfer_size
 .text.acc_rss_integration_sensor_device_power_on
                0x000000000800752c        0xc C:\Users\Nicolai\Documents\NMBU\TEL320\Project\stm32l476_module_software\cortex_m4\rss\lib\libacconeer.a(acc_rss_integration.o)
                0x000000000800752c                acc_rss_integration_sensor_device_power_on
 .text.acc_rss_integration_sensor_device_power_off
                0x0000000008007538        0xc C:\Users\Nicolai\Documents\NMBU\TEL320\Project\stm32l476_module_software\cortex_m4\rss\lib\libacconeer.a(acc_rss_integration.o)
                0x0000000008007538                acc_rss_integration_sensor_device_power_off
 .text.acc_rss_integration_sensor_device_hibernate_enter
                0x0000000008007544       0x10 C:\Users\Nicolai\Documents\NMBU\TEL320\Project\stm32l476_module_software\cortex_m4\rss\lib\libacconeer.a(acc_rss_integration.o)
                0x0000000008007544                acc_rss_integration_sensor_device_hibernate_enter
 .text.acc_rss_integration_sensor_device_hibernate_exit
                0x0000000008007554       0x10 C:\Users\Nicolai\Documents\NMBU\TEL320\Project\stm32l476_module_software\cortex_m4\rss\lib\libacconeer.a(acc_rss_integration.o)
                0x0000000008007554                acc_rss_integration_sensor_device_hibernate_exit
 .text.acc_rss_integration_is_hibernate_capable
                0x0000000008007564       0x10 C:\Users\Nicolai\Documents\NMBU\TEL320\Project\stm32l476_module_software\cortex_m4\rss\lib\libacconeer.a(acc_rss_integration.o)
                0x0000000008007564                acc_rss_integration_is_hibernate_capable
 .text.acc_rss_integration_wait_for_sensor_interrupt
                0x0000000008007574        0xc C:\Users\Nicolai\Documents\NMBU\TEL320\Project\stm32l476_module_software\cortex_m4\rss\lib\libacconeer.a(acc_rss_integration.o)
                0x0000000008007574                acc_rss_integration_wait_for_sensor_interrupt
 .text.acc_rss_integration_sensor_device_transfer
                0x0000000008007580       0x4c C:\Users\Nicolai\Documents\NMBU\TEL320\Project\stm32l476_module_software\cortex_m4\rss\lib\libacconeer.a(acc_rss_integration.o)
                0x0000000008007580                acc_rss_integration_sensor_device_transfer
 .text.acc_rss_integration_mem_alloc_debug
                0x00000000080075cc       0x48 C:\Users\Nicolai\Documents\NMBU\TEL320\Project\stm32l476_module_software\cortex_m4\rss\lib\libacconeer.a(acc_rss_integration.o)
                0x00000000080075cc                acc_rss_integration_mem_alloc_debug
 .text.acc_rss_integration_mem_calloc_debug
                0x0000000008007614       0x3c C:\Users\Nicolai\Documents\NMBU\TEL320\Project\stm32l476_module_software\cortex_m4\rss\lib\libacconeer.a(acc_rss_integration.o)
                0x0000000008007614                acc_rss_integration_mem_calloc_debug
 .text.acc_rss_integration_mem_free
                0x0000000008007650       0x24 C:\Users\Nicolai\Documents\NMBU\TEL320\Project\stm32l476_module_software\cortex_m4\rss\lib\libacconeer.a(acc_rss_integration.o)
                0x0000000008007650                acc_rss_integration_mem_free
 .text.acc_rss_integration_log_level
                0x0000000008007674        0xc C:\Users\Nicolai\Documents\NMBU\TEL320\Project\stm32l476_module_software\cortex_m4\rss\lib\libacconeer.a(acc_rss_integration.o)
                0x0000000008007674                acc_rss_integration_log_level
 .text.inject_data
                0x0000000008007680        0x8 C:\Users\Nicolai\Documents\NMBU\TEL320\Project\stm32l476_module_software\cortex_m4\rss\lib\libacconeer.a(acc_pipeline_envelope.o)
 .text.disassemble
                0x0000000008007688       0x28 C:\Users\Nicolai\Documents\NMBU\TEL320\Project\stm32l476_module_software\cortex_m4\rss\lib\libacconeer.a(acc_pipeline_envelope.o)
 .text.produce  0x00000000080076b0       0x28 C:\Users\Nicolai\Documents\NMBU\TEL320\Project\stm32l476_module_software\cortex_m4\rss\lib\libacconeer.a(acc_pipeline_envelope.o)
 .text.acc_pipeline_envelope_assemble
                0x00000000080076d8      0x474 C:\Users\Nicolai\Documents\NMBU\TEL320\Project\stm32l476_module_software\cortex_m4\rss\lib\libacconeer.a(acc_pipeline_envelope.o)
                0x00000000080076d8                acc_pipeline_envelope_assemble
 .text.destroy  0x0000000008007b4c       0x14 C:\Users\Nicolai\Documents\NMBU\TEL320\Project\stm32l476_module_software\cortex_m4\rss\lib\libacconeer.a(acc_radar_engine_linear.o)
 .text.process_data
                0x0000000008007b60       0x8c C:\Users\Nicolai\Documents\NMBU\TEL320\Project\stm32l476_module_software\cortex_m4\rss\lib\libacconeer.a(acc_radar_engine_linear.o)
 .text.transfer_data
                0x0000000008007bec       0xac C:\Users\Nicolai\Documents\NMBU\TEL320\Project\stm32l476_module_software\cortex_m4\rss\lib\libacconeer.a(acc_radar_engine_linear.o)
 .text.measure_noise
                0x0000000008007c98      0x12c C:\Users\Nicolai\Documents\NMBU\TEL320\Project\stm32l476_module_software\cortex_m4\rss\lib\libacconeer.a(acc_radar_engine_linear.o)
 .text.calibrate
                0x0000000008007dc4      0x144 C:\Users\Nicolai\Documents\NMBU\TEL320\Project\stm32l476_module_software\cortex_m4\rss\lib\libacconeer.a(acc_radar_engine_linear.o)
 .text.set_calibration_context
                0x0000000008007f08       0xbc C:\Users\Nicolai\Documents\NMBU\TEL320\Project\stm32l476_module_software\cortex_m4\rss\lib\libacconeer.a(acc_radar_engine_linear.o)
 .text.get_package_range_coarse_max
                0x0000000008007fc4       0x3c C:\Users\Nicolai\Documents\NMBU\TEL320\Project\stm32l476_module_software\cortex_m4\rss\lib\libacconeer.a(acc_radar_engine_linear.o)
 .text.initialize
                0x0000000008008000      0x2cc C:\Users\Nicolai\Documents\NMBU\TEL320\Project\stm32l476_module_software\cortex_m4\rss\lib\libacconeer.a(acc_radar_engine_linear.o)
 .text.coarse_count_for_next_package
                0x00000000080082cc       0x30 C:\Users\Nicolai\Documents\NMBU\TEL320\Project\stm32l476_module_software\cortex_m4\rss\lib\libacconeer.a(acc_radar_engine_linear.o)
 .text.update_program
                0x00000000080082fc       0xb0 C:\Users\Nicolai\Documents\NMBU\TEL320\Project\stm32l476_module_software\cortex_m4\rss\lib\libacconeer.a(acc_radar_engine_linear.o)
 .text.start    0x00000000080083ac      0x104 C:\Users\Nicolai\Documents\NMBU\TEL320\Project\stm32l476_module_software\cortex_m4\rss\lib\libacconeer.a(acc_radar_engine_linear.o)
 .text.acc_radar_engine_linear_create
                0x00000000080084b0       0x50 C:\Users\Nicolai\Documents\NMBU\TEL320\Project\stm32l476_module_software\cortex_m4\rss\lib\libacconeer.a(acc_radar_engine_linear.o)
                0x00000000080084b0                acc_radar_engine_linear_create
 .text.acc_radar_engine_common_get_timeout_ms
                0x0000000008008500       0x34 C:\Users\Nicolai\Documents\NMBU\TEL320\Project\stm32l476_module_software\cortex_m4\rss\lib\libacconeer.a(acc_radar_engine_common.o)
                0x0000000008008500                acc_radar_engine_common_get_timeout_ms
 .text.acc_radar_engine_common_frequency_to_main_clk
                0x0000000008008534       0x2c C:\Users\Nicolai\Documents\NMBU\TEL320\Project\stm32l476_module_software\cortex_m4\rss\lib\libacconeer.a(acc_radar_engine_common.o)
                0x0000000008008534                acc_radar_engine_common_frequency_to_main_clk
 .text.get_dt   0x0000000008008560       0x30 C:\Users\Nicolai\Documents\NMBU\TEL320\Project\stm32l476_module_software\cortex_m4\rss\lib\libacconeer.a(acc_radar_engine_common_sweep_w_dly.o)
 .text.points_to_meter
                0x0000000008008590       0x34 C:\Users\Nicolai\Documents\NMBU\TEL320\Project\stm32l476_module_software\cortex_m4\rss\lib\libacconeer.a(acc_radar_engine_common_sweep_w_dly.o)
 .text.acc_radar_engine_common_sweep_w_dly_initialize_range
                0x00000000080085c4      0x598 C:\Users\Nicolai\Documents\NMBU\TEL320\Project\stm32l476_module_software\cortex_m4\rss\lib\libacconeer.a(acc_radar_engine_common_sweep_w_dly.o)
                0x00000000080085c4                acc_radar_engine_common_sweep_w_dly_initialize_range
 .text.acc_radar_engine_common_sweep_w_dly_stitching_required
                0x0000000008008b5c        0xc C:\Users\Nicolai\Documents\NMBU\TEL320\Project\stm32l476_module_software\cortex_m4\rss\lib\libacconeer.a(acc_radar_engine_common_sweep_w_dly.o)
                0x0000000008008b5c                acc_radar_engine_common_sweep_w_dly_stitching_required
 .text.internal_buffer_processed_read
                0x0000000008008b68       0xac C:\Users\Nicolai\Documents\NMBU\TEL320\Project\stm32l476_module_software\cortex_m4\rss\lib\libacconeer.a(acc_sensor_comm_r2.o)
 .text.acc_sensor_r2_get_max_header_length
                0x0000000008008c14        0x4 C:\Users\Nicolai\Documents\NMBU\TEL320\Project\stm32l476_module_software\cortex_m4\rss\lib\libacconeer.a(acc_sensor_comm_r2.o)
                0x0000000008008c14                acc_sensor_r2_get_max_header_length
 .text.acc_sensor_r2_conf_write_instr
                0x0000000008008c18       0x2c C:\Users\Nicolai\Documents\NMBU\TEL320\Project\stm32l476_module_software\cortex_m4\rss\lib\libacconeer.a(acc_sensor_comm_r2.o)
                0x0000000008008c18                acc_sensor_r2_conf_write_instr
 .text.acc_sensor_r2_prepare_load_confmem
                0x0000000008008c44       0x30 C:\Users\Nicolai\Documents\NMBU\TEL320\Project\stm32l476_module_software\cortex_m4\rss\lib\libacconeer.a(acc_sensor_comm_r2.o)
                0x0000000008008c44                acc_sensor_r2_prepare_load_confmem
 .text.acc_sensor_r2_load_confmem
                0x0000000008008c74       0x70 C:\Users\Nicolai\Documents\NMBU\TEL320\Project\stm32l476_module_software\cortex_m4\rss\lib\libacconeer.a(acc_sensor_comm_r2.o)
                0x0000000008008c74                acc_sensor_r2_load_confmem
 .text.acc_sensor_r2_buffer_processed_verify_size
                0x0000000008008ce4       0x10 C:\Users\Nicolai\Documents\NMBU\TEL320\Project\stm32l476_module_software\cortex_m4\rss\lib\libacconeer.a(acc_sensor_comm_r2.o)
                0x0000000008008ce4                acc_sensor_r2_buffer_processed_verify_size
 .text.acc_sensor_r2_buffer_processed_read
                0x0000000008008cf4       0x10 C:\Users\Nicolai\Documents\NMBU\TEL320\Project\stm32l476_module_software\cortex_m4\rss\lib\libacconeer.a(acc_sensor_comm_r2.o)
                0x0000000008008cf4                acc_sensor_r2_buffer_processed_read
 .text.acc_sensor_manager_power_on_and_start_sensor
                0x0000000008008d04       0x3c C:\Users\Nicolai\Documents\NMBU\TEL320\Project\stm32l476_module_software\cortex_m4\rss\lib\libacconeer.a(acc_sensor_manager.o)
 .text.calibrate_sensor
                0x0000000008008d40       0xdc C:\Users\Nicolai\Documents\NMBU\TEL320\Project\stm32l476_module_software\cortex_m4\rss\lib\libacconeer.a(acc_sensor_manager.o)
 .text.acc_sensor_manager_hibernate_enter
                0x0000000008008e1c       0x34 C:\Users\Nicolai\Documents\NMBU\TEL320\Project\stm32l476_module_software\cortex_m4\rss\lib\libacconeer.a(acc_sensor_manager.o)
 .text.acc_sensor_manager_activate
                0x0000000008008e50       0x78 C:\Users\Nicolai\Documents\NMBU\TEL320\Project\stm32l476_module_software\cortex_m4\rss\lib\libacconeer.a(acc_sensor_manager.o)
                0x0000000008008e50                acc_sensor_manager_activate
 .text.acc_sensor_manager_deactivate
                0x0000000008008ec8       0x20 C:\Users\Nicolai\Documents\NMBU\TEL320\Project\stm32l476_module_software\cortex_m4\rss\lib\libacconeer.a(acc_sensor_manager.o)
                0x0000000008008ec8                acc_sensor_manager_deactivate
 .text.acc_sensor_manager_acquire_adc_data
                0x0000000008008ee8      0x11c C:\Users\Nicolai\Documents\NMBU\TEL320\Project\stm32l476_module_software\cortex_m4\rss\lib\libacconeer.a(acc_sensor_manager.o)
                0x0000000008008ee8                acc_sensor_manager_acquire_adc_data
 .text.acc_sensor_manager_prepare_radar_engine
                0x0000000008009004       0x98 C:\Users\Nicolai\Documents\NMBU\TEL320\Project\stm32l476_module_software\cortex_m4\rss\lib\libacconeer.a(acc_sensor_manager.o)
                0x0000000008009004                acc_sensor_manager_prepare_radar_engine
 .text.acc_sensor_manager_prepare_measurement
                0x000000000800909c      0x100 C:\Users\Nicolai\Documents\NMBU\TEL320\Project\stm32l476_module_software\cortex_m4\rss\lib\libacconeer.a(acc_sensor_manager.o)
                0x000000000800909c                acc_sensor_manager_prepare_measurement
 .text.acc_sensor_manager_start_measurement
                0x000000000800919c       0x74 C:\Users\Nicolai\Documents\NMBU\TEL320\Project\stm32l476_module_software\cortex_m4\rss\lib\libacconeer.a(acc_sensor_manager.o)
                0x000000000800919c                acc_sensor_manager_start_measurement
 .text.acc_sensor_manager_stop_measurement
                0x0000000008009210       0x18 C:\Users\Nicolai\Documents\NMBU\TEL320\Project\stm32l476_module_software\cortex_m4\rss\lib\libacconeer.a(acc_sensor_manager.o)
                0x0000000008009210                acc_sensor_manager_stop_measurement
 .text.acc_sensor_manager_release_measurement
                0x0000000008009228       0x28 C:\Users\Nicolai\Documents\NMBU\TEL320\Project\stm32l476_module_software\cortex_m4\rss\lib\libacconeer.a(acc_sensor_manager.o)
                0x0000000008009228                acc_sensor_manager_release_measurement
 .text.acc_sensor_manager_get_sensor_id
                0x0000000008009250        0x4 C:\Users\Nicolai\Documents\NMBU\TEL320\Project\stm32l476_module_software\cortex_m4\rss\lib\libacconeer.a(acc_sensor_manager.o)
                0x0000000008009250                acc_sensor_manager_get_sensor_id
 .text.acc_sensor_protocol_r2_prepare_load
                0x0000000008009254       0xc8 C:\Users\Nicolai\Documents\NMBU\TEL320\Project\stm32l476_module_software\cortex_m4\rss\lib\libacconeer.a(acc_sensor_protocol_r2.o)
                0x0000000008009254                acc_sensor_protocol_r2_prepare_load
 .text.acc_sensor_protocol_r2_run_program
                0x000000000800931c       0xa0 C:\Users\Nicolai\Documents\NMBU\TEL320\Project\stm32l476_module_software\cortex_m4\rss\lib\libacconeer.a(acc_sensor_protocol_r2.o)
                0x000000000800931c                acc_sensor_protocol_r2_run_program
 .text.acc_sensor_protocol_r2_terminate_program
                0x00000000080093bc       0x54 C:\Users\Nicolai\Documents\NMBU\TEL320\Project\stm32l476_module_software\cortex_m4\rss\lib\libacconeer.a(acc_sensor_protocol_r2.o)
                0x00000000080093bc                acc_sensor_protocol_r2_terminate_program
 .text.acc_sensor_protocol_r2_is_sensor_running
                0x0000000008009410       0x24 C:\Users\Nicolai\Documents\NMBU\TEL320\Project\stm32l476_module_software\cortex_m4\rss\lib\libacconeer.a(acc_sensor_protocol_r2.o)
                0x0000000008009410                acc_sensor_protocol_r2_is_sensor_running
 .text.acc_sensor_protocol_r2_ack_event
                0x0000000008009434       0x48 C:\Users\Nicolai\Documents\NMBU\TEL320\Project\stm32l476_module_software\cortex_m4\rss\lib\libacconeer.a(acc_sensor_protocol_r2.o)
                0x0000000008009434                acc_sensor_protocol_r2_ack_event
 .text.acc_sensor_protocol_r2_get_event
                0x000000000800947c       0xd4 C:\Users\Nicolai\Documents\NMBU\TEL320\Project\stm32l476_module_software\cortex_m4\rss\lib\libacconeer.a(acc_sensor_protocol_r2.o)
                0x000000000800947c                acc_sensor_protocol_r2_get_event
 .text.acc_sensor_protocol_r2_wait_for_event
                0x0000000008009550       0xd4 C:\Users\Nicolai\Documents\NMBU\TEL320\Project\stm32l476_module_software\cortex_m4\rss\lib\libacconeer.a(acc_sensor_protocol_r2.o)
                0x0000000008009550                acc_sensor_protocol_r2_wait_for_event
 .text.acc_sensor_protocol_r2_wait_for_specific_event
                0x0000000008009624       0x54 C:\Users\Nicolai\Documents\NMBU\TEL320\Project\stm32l476_module_software\cortex_m4\rss\lib\libacconeer.a(acc_sensor_protocol_r2.o)
                0x0000000008009624                acc_sensor_protocol_r2_wait_for_specific_event
 .text.acc_sensor_protocol_r2_wait_for_hibernate_ready
                0x0000000008009678        0x8 C:\Users\Nicolai\Documents\NMBU\TEL320\Project\stm32l476_module_software\cortex_m4\rss\lib\libacconeer.a(acc_sensor_protocol_r2.o)
                0x0000000008009678                acc_sensor_protocol_r2_wait_for_hibernate_ready
 .text.acc_sensor_protocol_r2_stop
                0x0000000008009680       0x64 C:\Users\Nicolai\Documents\NMBU\TEL320\Project\stm32l476_module_software\cortex_m4\rss\lib\libacconeer.a(acc_sensor_protocol_r2.o)
                0x0000000008009680                acc_sensor_protocol_r2_stop
 .text.acc_sensor_protocol_r2_wait_for_radar_data
                0x00000000080096e4       0xac C:\Users\Nicolai\Documents\NMBU\TEL320\Project\stm32l476_module_software\cortex_m4\rss\lib\libacconeer.a(acc_sensor_protocol_r2.o)
                0x00000000080096e4                acc_sensor_protocol_r2_wait_for_radar_data
 .text.acc_sensor_protocol_r2_wait_for_sync_start
                0x0000000008009790       0x54 C:\Users\Nicolai\Documents\NMBU\TEL320\Project\stm32l476_module_software\cortex_m4\rss\lib\libacconeer.a(acc_sensor_protocol_r2.o)
                0x0000000008009790                acc_sensor_protocol_r2_wait_for_sync_start
 .text.acc_sensor_protocol_r2_transfer_data
                0x00000000080097e4       0x24 C:\Users\Nicolai\Documents\NMBU\TEL320\Project\stm32l476_module_software\cortex_m4\rss\lib\libacconeer.a(acc_sensor_protocol_r2.o)
                0x00000000080097e4                acc_sensor_protocol_r2_transfer_data
 .text.acc_sensor_protocol_r2_check_asic_id
                0x0000000008009808       0x50 C:\Users\Nicolai\Documents\NMBU\TEL320\Project\stm32l476_module_software\cortex_m4\rss\lib\libacconeer.a(acc_sensor_protocol_r2.o)
                0x0000000008009808                acc_sensor_protocol_r2_check_asic_id
 .text.acc_sweep_manager_prepare
                0x0000000008009858      0x134 C:\Users\Nicolai\Documents\NMBU\TEL320\Project\stm32l476_module_software\cortex_m4\rss\lib\libacconeer.a(acc_sweep_manager.o)
                0x0000000008009858                acc_sweep_manager_prepare
 .text.acc_sweep_manager_release
                0x000000000800998c       0x10 C:\Users\Nicolai\Documents\NMBU\TEL320\Project\stm32l476_module_software\cortex_m4\rss\lib\libacconeer.a(acc_sweep_manager.o)
                0x000000000800998c                acc_sweep_manager_release
 .text.acc_sweep_manager_is_sensor_connected
                0x000000000800999c        0x8 C:\Users\Nicolai\Documents\NMBU\TEL320\Project\stm32l476_module_software\cortex_m4\rss\lib\libacconeer.a(acc_sweep_manager.o)
                0x000000000800999c                acc_sweep_manager_is_sensor_connected
 .text.acc_sweep_manager_calibrate
                0x00000000080099a4       0x14 C:\Users\Nicolai\Documents\NMBU\TEL320\Project\stm32l476_module_software\cortex_m4\rss\lib\libacconeer.a(acc_sweep_manager.o)
                0x00000000080099a4                acc_sweep_manager_calibrate
 .text.acc_sweep_manager_measure_noise
                0x00000000080099b8       0x2c C:\Users\Nicolai\Documents\NMBU\TEL320\Project\stm32l476_module_software\cortex_m4\rss\lib\libacconeer.a(acc_sweep_manager.o)
                0x00000000080099b8                acc_sweep_manager_measure_noise
 .text.acc_sweep_manager_start
                0x00000000080099e4       0x24 C:\Users\Nicolai\Documents\NMBU\TEL320\Project\stm32l476_module_software\cortex_m4\rss\lib\libacconeer.a(acc_sweep_manager.o)
                0x00000000080099e4                acc_sweep_manager_start
 .text.acc_sweep_manager_wait_for_data
                0x0000000008009a08        0xc C:\Users\Nicolai\Documents\NMBU\TEL320\Project\stm32l476_module_software\cortex_m4\rss\lib\libacconeer.a(acc_sweep_manager.o)
                0x0000000008009a08                acc_sweep_manager_wait_for_data
 .text.acc_sweep_manager_wait_for_hibernate_ready
                0x0000000008009a14        0x8 C:\Users\Nicolai\Documents\NMBU\TEL320\Project\stm32l476_module_software\cortex_m4\rss\lib\libacconeer.a(acc_sweep_manager.o)
                0x0000000008009a14                acc_sweep_manager_wait_for_hibernate_ready
 .text.acc_sweep_manager_measure
                0x0000000008009a1c        0x8 C:\Users\Nicolai\Documents\NMBU\TEL320\Project\stm32l476_module_software\cortex_m4\rss\lib\libacconeer.a(acc_sweep_manager.o)
                0x0000000008009a1c                acc_sweep_manager_measure
 .text.acc_sweep_manager_acquire_adc_data
                0x0000000008009a24       0x3c C:\Users\Nicolai\Documents\NMBU\TEL320\Project\stm32l476_module_software\cortex_m4\rss\lib\libacconeer.a(acc_sweep_manager.o)
                0x0000000008009a24                acc_sweep_manager_acquire_adc_data
 .text.acc_alg_cca_u16_calculate
                0x0000000008009a60       0x5c C:\Users\Nicolai\Documents\NMBU\TEL320\Project\stm32l476_module_software\cortex_m4\rss\lib\libacconeer.a(acc_alg_cca.o)
                0x0000000008009a60                acc_alg_cca_u16_calculate
 .text.acc_assert_fail
                0x0000000008009abc       0x30 C:\Users\Nicolai\Documents\NMBU\TEL320\Project\stm32l476_module_software\cortex_m4\rss\lib\libacconeer.a(acc_assert.o)
                0x0000000008009abc                acc_assert_fail
 .text.acc_diagnostic_log_set_scope
                0x0000000008009aec       0x10 C:\Users\Nicolai\Documents\NMBU\TEL320\Project\stm32l476_module_software\cortex_m4\rss\lib\libacconeer.a(acc_diagnostic_log.o)
                0x0000000008009aec                acc_diagnostic_log_set_scope
 .text.acc_diagnostic_log_declare_parameter
                0x0000000008009afc       0x10 C:\Users\Nicolai\Documents\NMBU\TEL320\Project\stm32l476_module_software\cortex_m4\rss\lib\libacconeer.a(acc_diagnostic_log.o)
                0x0000000008009afc                acc_diagnostic_log_declare_parameter
 .text.acc_diagnostic_log_set_parameter
                0x0000000008009b0c       0x10 C:\Users\Nicolai\Documents\NMBU\TEL320\Project\stm32l476_module_software\cortex_m4\rss\lib\libacconeer.a(acc_diagnostic_log.o)
                0x0000000008009b0c                acc_diagnostic_log_set_parameter
 .text.acc_diagnostic_log_array
                0x0000000008009b1c       0x10 C:\Users\Nicolai\Documents\NMBU\TEL320\Project\stm32l476_module_software\cortex_m4\rss\lib\libacconeer.a(acc_diagnostic_log.o)
                0x0000000008009b1c                acc_diagnostic_log_array
 .text.acc_diagnostic_log_scalar
                0x0000000008009b2c       0x10 C:\Users\Nicolai\Documents\NMBU\TEL320\Project\stm32l476_module_software\cortex_m4\rss\lib\libacconeer.a(acc_diagnostic_log.o)
                0x0000000008009b2c                acc_diagnostic_log_scalar
 .text.acc_diagnostic_log_data_u16
                0x0000000008009b3c       0x10 C:\Users\Nicolai\Documents\NMBU\TEL320\Project\stm32l476_module_software\cortex_m4\rss\lib\libacconeer.a(acc_diagnostic_log.o)